 mysqlmanager

 Timestamp is 4807813d (Thu Apr 17 17:56:29 2008)

 Preferred load address is 0000000000400000

 Start         Length     Name                   Class
 0001:00000000 00100692H .text                   CODE
 0001:001006a0 00001026H .text$0                 CODE
 0001:001016d0 00001118H .text$00                CODE
 0001:001027f0 00001020H .text$yd                CODE
 0002:00000000 00001769H TEXT                    CODE
 0003:00000000 00000109H .CRT$XCA                DATA
 0003:00000110 00000109H .CRT$XCZ                DATA
 0003:00000220 00000109H .CRT$XIA                DATA
 0003:00000330 0000011cH .CRT$XIC                DATA
 0003:00000450 00000109H .CRT$XIY                DATA
 0003:00000560 00000109H .CRT$XIZ                DATA
 0003:00000670 00000008H .CRT$XLA                DATA
 0003:00000678 00000008H .CRT$XLZ                DATA
 0003:00000680 00000109H .CRT$XPA                DATA
 0003:00000790 00000109H .CRT$XPX                DATA
 0003:000008a0 00000109H .CRT$XPXA               DATA
 0003:000009b0 00000109H .CRT$XPZ                DATA
 0003:00000ac0 00000109H .CRT$XTA                DATA
 0003:00000bd0 00000109H .CRT$XTB                DATA
 0003:00000ce0 00000109H .CRT$XTZ                DATA
 0003:00000df0 0001adf1H .rdata                  DATA
 0003:0001bbe8 00000130H .rdata$T                DATA
 0003:0001bd18 000001ceH .rdata$debug            DATA
 0003:0001bee8 00003bd5H .rdata$r                DATA
 0003:0001fac0 00000109H .rtc$IAA                DATA
 0003:0001fbd0 00000109H .rtc$IZZ                DATA
 0003:0001fce0 00000109H .rtc$TAA                DATA
 0003:0001fdf0 00000109H .rtc$TZZ                DATA
 0003:0001ff00 0001c413H .xdata                  DATA
 0003:0003c318 00000211H .xdata$x                DATA
 0003:0003c529 00000000H .edata                  DATA
 0004:00000000 0013655bH .data                   DATA
 0004:00136560 00005744H .bss                    DATA
 0005:00000000 0000e4d8H .pdata                  DATA
 0006:00000000 00000050H .idata$2                DATA
 0006:00000050 00000014H .idata$3                DATA
 0006:00000068 000007f8H .idata$4                DATA
 0006:00000860 000007f8H .idata$5                DATA
 0006:00001058 00000d6bH .idata$6                DATA
 0007:00000000 00000101H .tls                    DATA
 0007:00000110 000001e6H .tls$                   DATA
 0007:000002f6 00000101H .tls$ZZZ                DATA

  Address         Publics by Value              Rva+Base               Lib:Object

 0000:00000000       ___safe_se_handler_table   0000000000000000     <absolute>
 0000:00000000       ___safe_se_handler_count   0000000000000000     <absolute>
 0000:00000000       __ImageBase                0000000000400000     <linker-defined>
 0001:00000b60       ?reserve@Buffer@@QEAAHII@Z 0000000000401b60 f   buffer.obj
 0001:00000c40       ?get_size@Buffer@@QEAAHXZ  0000000000401c40 f   buffer.obj
 0001:00000c50       ?is_error@Buffer@@QEAAHXZ  0000000000401c50 f   buffer.obj
 0001:00000c60       ?append@Buffer@@QEAAHIPEBDI@Z 0000000000401c60 f   buffer.obj
 0001:00000ce0       ??0Command@@QEAA@PEAVInstance_map@@@Z 0000000000401ce0 f   command.obj
 0001:00000d00       ??1Command@@UEAA@XZ        0000000000401d00 f   command.obj
 0001:00000d10       ??_ECommand@@UEAAPEAXI@Z   0000000000401d10 f i command.obj
 0001:00000d10       ??_GCommand@@UEAAPEAXI@Z   0000000000401d10 f i command.obj
 0001:00000d40       ?strchr@@YAPEADPEADH@Z     0000000000401d40 f i commands.obj
 0001:00000d50       ??0Buffer@@QEAA@_K@Z       0000000000401d50 f i commands.obj
 0001:00000da0       ??1Buffer@@QEAA@XZ         0000000000401da0 f i commands.obj
 0001:00000db0       ??0Iterator@Instance_map@@QEAA@PEAV1@@Z 0000000000401db0 f i commands.obj
 0001:00000de0       ?execute@Show_instances@@UEAAHPEAUst_net@@K@Z 0000000000401de0 f   commands.obj
 0001:00001070       ?execute@Flush_instances@@UEAAHPEAUst_net@@K@Z 0000000000402070 f   commands.obj
 0001:000010e0       ??0Show_instance_status@@QEAA@PEAVInstance_map@@PEBDI@Z 00000000004020e0 f   commands.obj
 0001:000011a0       ??1Show_instance_status@@UEAA@XZ 00000000004021a0 f i commands.obj
 0001:000011b0       ?execute@Show_instance_status@@UEAAHPEAUst_net@@K@Z 00000000004021b0 f   commands.obj
 0001:000014c0       ??0Show_instance_options@@QEAA@PEAVInstance_map@@PEBDI@Z 00000000004024c0 f   commands.obj
 0001:00001580       ??1Show_instance_options@@UEAA@XZ 0000000000402580 f i commands.obj
 0001:00001590       ?execute@Show_instance_options@@UEAAHPEAUst_net@@K@Z 0000000000402590 f   commands.obj
 0001:00001a50       ??0Start_instance@@QEAA@PEAVInstance_map@@PEBDI@Z 0000000000402a50 f   commands.obj
 0001:00001b10       ??1Start_instance@@UEAA@XZ 0000000000402b10 f i commands.obj
 0001:00001b20       ?execute@Start_instance@@UEAAHPEAUst_net@@K@Z 0000000000402b20 f   commands.obj
 0001:00001bd0       ??0Show_instance_log@@QEAA@PEAVInstance_map@@PEBDIW4Log_type@@11@Z 0000000000402bd0 f   commands.obj
 0001:00001cd0       ??1Show_instance_log@@UEAA@XZ 0000000000402cd0 f i commands.obj
 0001:00001ce0       ?execute@Show_instance_log@@UEAAHPEAUst_net@@K@Z 0000000000402ce0 f   commands.obj
 0001:000020b0       ??0Show_instance_log_files@@QEAA@PEAVInstance_map@@PEBDI@Z 00000000004030b0 f   commands.obj
 0001:00002170       ??1Show_instance_log_files@@UEAA@XZ 0000000000403170 f i commands.obj
 0001:00002180       ?execute@Show_instance_log_files@@UEAAHPEAUst_net@@K@Z 0000000000403180 f   commands.obj
 0001:00002580       ??0Set_option@@QEAA@PEAVInstance_map@@PEBDI1I1I@Z 0000000000403580 f   commands.obj
 0001:000026b0       ??1Set_option@@UEAA@XZ     00000000004036b0 f i commands.obj
 0001:000026c0       ??_GSet_option@@UEAAPEAXI@Z 00000000004036c0 f i commands.obj
 0001:000026c0       ??_ESet_option@@UEAAPEAXI@Z 00000000004036c0 f i commands.obj
 0001:00002710       ?correct_file@Set_option@@IEAAHH@Z 0000000000403710 f   commands.obj
 0001:00002760       ?do_command@Set_option@@UEAAHPEAUst_net@@@Z 0000000000403760 f   commands.obj
 0001:000027b0       ?execute@Set_option@@UEAAHPEAUst_net@@K@Z 00000000004037b0 f   commands.obj
 0001:00002830       ?do_command@Unset_option@@UEAAHPEAUst_net@@@Z 0000000000403830 f   commands.obj
 0001:00002840       ??0Stop_instance@@QEAA@PEAVInstance_map@@PEBDI@Z 0000000000403840 f   commands.obj
 0001:00002900       ??1Stop_instance@@UEAA@XZ  0000000000403900 f i commands.obj
 0001:00002910       ?execute@Stop_instance@@UEAAHPEAUst_net@@K@Z 0000000000403910 f   commands.obj
 0001:000029c0       ?execute@Syntax_error@@UEAAHPEAUst_net@@K@Z 00000000004039c0 f   commands.obj
 0001:000029d0       ??_GShow_instance_status@@UEAAPEAXI@Z 00000000004039d0 f i commands.obj
 0001:000029d0       ??_EShow_instance_status@@UEAAPEAXI@Z 00000000004039d0 f i commands.obj
 0001:00002a20       ??_EShow_instance_options@@UEAAPEAXI@Z 0000000000403a20 f i commands.obj
 0001:00002a20       ??_GShow_instance_options@@UEAAPEAXI@Z 0000000000403a20 f i commands.obj
 0001:00002a70       ??_GStart_instance@@UEAAPEAXI@Z 0000000000403a70 f i commands.obj
 0001:00002a70       ??_EStart_instance@@UEAAPEAXI@Z 0000000000403a70 f i commands.obj
 0001:00002ac0       ??_EShow_instance_log@@UEAAPEAXI@Z 0000000000403ac0 f i commands.obj
 0001:00002ac0       ??_GShow_instance_log@@UEAAPEAXI@Z 0000000000403ac0 f i commands.obj
 0001:00002b10       ??_GShow_instance_log_files@@UEAAPEAXI@Z 0000000000403b10 f i commands.obj
 0001:00002b10       ??_EShow_instance_log_files@@UEAAPEAXI@Z 0000000000403b10 f i commands.obj
 0001:00002b60       ??_EStop_instance@@UEAAPEAXI@Z 0000000000403b60 f i commands.obj
 0001:00002b60       ??_GStop_instance@@UEAAPEAXI@Z 0000000000403b60 f i commands.obj
 0001:00002bc0       ??0Guardian_thread_args@@QEAA@AEAVThread_registry@@PEAVInstance_map@@I@Z 0000000000403bc0 f i guardian.obj
 0001:00002be0       ??0Guardian_thread@@QEAA@AEAVThread_registry@@PEAVInstance_map@@I@Z 0000000000403be0 f   guardian.obj
 0001:00002c80       ??1Guardian_thread@@QEAA@XZ 0000000000403c80 f   guardian.obj
 0001:00002cf0       ?process_instance@Guardian_thread@@AEAAXPEAVInstance@@PEAUGUARD_NODE@1@PEAPEAUst_list@@PEAU4@@Z 0000000000403cf0 f   guardian.obj
 0001:00002f80       ?run@Guardian_thread@@QEAAXXZ 0000000000403f80 f   guardian.obj
 0001:00003120       ?is_stopped@Guardian_thread@@QEAAHXZ 0000000000404120 f   guardian.obj
 0001:00003170       ?guard@Guardian_thread@@QEAAHPEAVInstance@@H@Z 0000000000404170 f   guardian.obj
 0001:00003290       ?stop_guard@Guardian_thread@@QEAAHPEAVInstance@@@Z 0000000000404290 f   guardian.obj
 0001:00003320       ?stop_instances@Guardian_thread@@AEAAHXZ 0000000000404320 f   guardian.obj
 0001:000033e0       ?lock@Guardian_thread@@QEAAXXZ 00000000004043e0 f   guardian.obj
 0001:000033f0       ?unlock@Guardian_thread@@QEAAXXZ 00000000004043f0 f   guardian.obj
 0001:00003400       guardian                   0000000000404400 f   guardian.obj
 0001:00003420       ?request_shutdown@Guardian_thread@@QEAAXXZ 0000000000404420 f   guardian.obj
 0001:00003480       ?init@Guardian_thread@@QEAAHXZ 0000000000404480 f   guardian.obj
 0001:00003560       ??0Instance_options@@QEAA@XZ 0000000000404560 f i instance.obj
 0001:00003880       ?get_map@Instance@@QEAAPEAVInstance_map@@XZ 0000000000404880 f   instance.obj
 0001:00003890       ?remove_pid@Instance@@AEAAXXZ 0000000000404890 f   instance.obj
 0001:000038e0       ?set_crash_flag_n_wake_all@Instance@@QEAAXXZ 00000000004048e0 f   instance.obj
 0001:00003960       ??0Instance@@QEAA@XZ       0000000000404960 f   instance.obj
 0001:00003a10       ??1Instance@@QEAA@XZ       0000000000404a10 f   instance.obj
 0001:00003a50       ?is_crashed@Instance@@QEAAHXZ 0000000000404a50 f   instance.obj
 0001:00003ab0       ?is_running@Instance@@QEAAHXZ 0000000000404ab0 f   instance.obj
 0001:00003c60       ?SafeTerminateProcess@@YAHPEAXI@Z 0000000000404c60 f   instance.obj
 0001:00003e10       ?kill@@YAHHH@Z             0000000000404e10 f   instance.obj
 0001:00003e70       ?kill_instance@Instance@@QEAAXH@Z 0000000000404e70 f   instance.obj
 0001:00003ee0       ?init@Instance@@QEAAHPEBD@Z 0000000000404ee0 f   instance.obj
 0001:00003ef0       ?complete_initialization@Instance@@QEAAHPEAVInstance_map@@PEBDI@Z 0000000000404ef0 f   instance.obj
 0001:00004030       ?stop@Instance@@QEAAHXZ    0000000000405030 f   instance.obj
 0001:00004160       proxy                      0000000000405160 f   instance.obj
 0001:00004180       ?start@Instance@@QEAAHXZ   0000000000405180 f   instance.obj
 0001:000042a0       ??_GInstance@@QEAAPEAXI@Z  00000000004052a0 f i instance_map.obj
 0001:000042f0       ?process_one_option@Instance_map@@QEAAHPEBD0@Z 00000000004052f0 f   instance_map.obj
 0001:00004480       ??0Instance_map@@QEAA@PEBD@Z 0000000000405480 f   instance_map.obj
 0001:000044b0       ??1Instance_map@@QEAA@XZ   00000000004054b0 f   instance_map.obj
 0001:00004510       ?lock@Instance_map@@QEAAXXZ 0000000000405510 f   instance_map.obj
 0001:00004520       ?unlock@Instance_map@@QEAAXXZ 0000000000405520 f   instance_map.obj
 0001:00004530       ?find@Instance_map@@QEAAPEAVInstance@@PEBDI@Z 0000000000405530 f   instance_map.obj
 0001:000045b0       ?complete_initialization@Instance_map@@AEAAHXZ 00000000004055b0 f   instance_map.obj
 0001:00004700       ?go_to_first@Iterator@Instance_map@@QEAAXXZ 0000000000405700 f   instance_map.obj
 0001:00004710       ?next@Iterator@Instance_map@@QEAAPEAVInstance@@XZ 0000000000405710 f   instance_map.obj
 0001:00004780       ?init@Instance_map@@QEAAHXZ 0000000000405780 f   instance_map.obj
 0001:000047e0       ?load@Instance_map@@AEAAHXZ 00000000004057e0 f   instance_map.obj
 0001:00004930       ?flush_instances@Instance_map@@QEAAHXZ 0000000000405930 f   instance_map.obj
 0001:00004a10       ?strstr@@YAPEADPEADPEBD@Z  0000000000405a10 f i instance_options.obj
 0001:00004b00       ?get_default_option@Instance_options@@AEAAHPEAD_KPEBD@Z 0000000000405b00 f   instance_options.obj
 0001:00004d40       ?fill_instance_version@Instance_options@@AEAAHXZ 0000000000405d40 f   instance_options.obj
 0001:00004fe0       ?fill_mysqld_real_path@Instance_options@@AEAAHXZ 0000000000405fe0 f   instance_options.obj
 0001:00005270       ?fill_log_options@Instance_options@@AEAAHXZ 0000000000406270 f   instance_options.obj
 0001:00005740       ?get_pid_filename@Instance_options@@QEAAHPEAD@Z 0000000000406740 f   instance_options.obj
 0001:00005850       ?unlink_pidfile@Instance_options@@QEAAHXZ 0000000000406850 f   instance_options.obj
 0001:00005860       ?get_pid@Instance_options@@QEAAHXZ 0000000000406860 f   instance_options.obj
 0001:000058e0       ?add_option@Instance_options@@QEAAHPEBD@Z 00000000004068e0 f   instance_options.obj
 0001:00005bd0       ?add_to_argv@Instance_options@@AEAAHPEBD@Z 0000000000406bd0 f   instance_options.obj
 0001:00005c00       ?print_argv@Instance_options@@QEAAXXZ 0000000000406c00 f   instance_options.obj
 0001:00005ca0       ?init@Instance_options@@QEAAHPEBD@Z 0000000000406ca0 f   instance_options.obj
 0001:00005d90       ??1Instance_options@@QEAA@XZ 0000000000406d90 f   instance_options.obj
 0001:00005dd0       ?complete_initialization@Instance_options@@QEAAHPEBDI@Z 0000000000406dd0 f   instance_options.obj
 0001:000061f0       ??0Listener_thread_args@@QEAA@AEAVThread_registry@@AEBUOptions@@AEBVUser_map@@AEAVInstance_map@@@Z 00000000004071f0 f i listener.obj
 0001:00006210       ?is_shutdown@Thread_registry@@QEAAHXZ 0000000000407210 f i listener.obj
 0001:000062a0       ??0Listener_thread@@QEAA@AEBUListener_thread_args@@@Z 00000000004072a0 f   listener.obj
 0001:00006310       ??1Listener_thread@@QEAA@XZ 0000000000407310 f   listener.obj
 0001:00006320       ?create_tcp_socket@Listener_thread@@AEAAHXZ 0000000000407320 f   listener.obj
 0001:00006540       ?handle_new_mysql_connection@Listener_thread@@AEAAXPEAUst_vio@@@Z 0000000000407540 f   listener.obj
 0001:00006670       ?run@Listener_thread@@QEAAXXZ 0000000000407670 f   listener.obj
 0001:000069b0       listener                   00000000004079b0 f   listener.obj
 0001:00006c60       ?log_error@@YAXPEBDZZ      0000000000407c60 f   log.obj
 0001:00006cb0       ?log_info@@YAXPEBDZZ       0000000000407cb0 f   log.obj
 0001:00006d00       ?print_info@@YAXPEBDZZ     0000000000407d00 f   log.obj
 0001:00006d50       ?print_error@@YAXPEBDZZ    0000000000407d50 f   log.obj
 0001:00006da0       ?log_init@@YAXXZ           0000000000407da0 f   log.obj
 0001:00006dc0       ?die@@YAXPEBDZZ            0000000000407dc0 f   log.obj
 0001:00006e50       ??0User_map@@QEAA@XZ       0000000000407e50 f i manager.obj
 0001:00006e60       ?create_pid_file@@YAHPEBDH@Z 0000000000407e60 f   manager.obj
 0001:00006f30       ?onsignal@@YAXH@Z          0000000000407f30 f   manager.obj
 0001:00006f40       ?set_signals@@YAXPEAH@Z    0000000000407f40 f   manager.obj
 0001:00006f90       ?my_sigwait@@YAHPEBHPEAH@Z 0000000000407f90 f   manager.obj
 0001:00006fd0       ?stop_all@@YAXPEAVGuardian_thread@@PEAVThread_registry@@@Z 0000000000407fd0 f   manager.obj
 0001:00007020       ?manager@@YAHAEBUOptions@@@Z 0000000000408020 f   manager.obj
 0001:000077f0       ?message@@YAPEBDI@Z        00000000004087f0 f   messages.obj
 0001:00007800       ?errno_to_sqlstate@@YAPEBDI@Z 0000000000408800 f   messages.obj
 0001:00007820       ??0Mysql_connection_thread_args@@QEAA@PEAUst_vio@@AEAVThread_registry@@AEBVUser_map@@KAEAVInstance_map@@@Z 0000000000408820 f   mysql_connection.obj
 0001:00007850       ??0Mysql_connection_thread@@QEAA@AEBUMysql_connection_thread_args@@@Z 0000000000408850 f   mysql_connection.obj
 0001:000078d0       my_net_local_init          00000000004088d0 f   mysql_connection.obj
 0001:00007930       ?init@Mysql_connection_thread@@QEAAHXZ 0000000000408930 f   mysql_connection.obj
 0001:00007a10       ?cleanup@Mysql_connection_thread@@QEAAXXZ 0000000000408a10 f   mysql_connection.obj
 0001:00007a20       ??1Mysql_connection_thread@@QEAA@XZ 0000000000408a20 f   mysql_connection.obj
 0001:00007a50       ?check_connection@Mysql_connection_thread@@AEAAHXZ 0000000000408a50 f   mysql_connection.obj
 0001:00007d60       ?dispatch_command@Mysql_connection_thread@@AEAAHW4enum_server_command@@PEBDI@Z 0000000000408d60 f   mysql_connection.obj
 0001:00007f10       ?do_command@Mysql_connection_thread@@AEAAHXZ 0000000000408f10 f   mysql_connection.obj
 0001:00008050       ?run@Mysql_connection_thread@@QEAAXXZ 0000000000409050 f   mysql_connection.obj
 0001:00008140       mysql_connection           0000000000409140 f   mysql_connection.obj
 0001:00008200       ??0Options@@QEAA@XZ        0000000000409200 f i mysqlmanager.obj
 0001:00008250       main                       0000000000409250 f   mysqlmanager.obj
 0001:000082f0       ?strrchr@@YAPEADPEADH@Z    00000000004092f0 f i options.obj
 0001:00008600       ?cleanup@Options@@QEAAXXZ  0000000000409600 f   options.obj
 0001:00008620       ?setup_windows_defaults@Options@@QEAAHXZ 0000000000409620 f   options.obj
 0001:00008720       ?load@Options@@QEAAHHPEAPEAD@Z 0000000000409720 f   options.obj
 0001:00008870       ?get_word@@YAXPEAPEBDPEAIH@Z 0000000000409870 f i parse.obj
 0001:00008930       ??0Show_instances@@QEAA@PEAVInstance_map@@@Z 0000000000409930 f i parse.obj
 0001:00008960       ??1Show_instances@@UEAA@XZ 0000000000409960 f i parse.obj
 0001:00008970       ??0Flush_instances@@QEAA@PEAVInstance_map@@@Z 0000000000409970 f i parse.obj
 0001:000089a0       ??1Flush_instances@@UEAA@XZ 00000000004099a0 f i parse.obj
 0001:000089b0       ??0Syntax_error@@QEAA@XZ   00000000004099b0 f i parse.obj
 0001:000089e0       ??1Syntax_error@@UEAA@XZ   00000000004099e0 f i parse.obj
 0001:000089f0       ?find_token@@YA?AW4Token@@PEBDI@Z 00000000004099f0 f i parse.obj
 0001:00008aa0       ?get_token@@YA?AW4Token@@PEAPEBDPEAI@Z 0000000000409aa0 f   parse.obj
 0001:00008bf0       ?shift_token@@YA?AW4Token@@PEAPEBDPEAI@Z 0000000000409bf0 f   parse.obj
 0001:00008c30       ?get_text_id@@YAHPEAPEBDPEAI0@Z 0000000000409c30 f   parse.obj
 0001:00008cd0       ??_EShow_instances@@UEAAPEAXI@Z 0000000000409cd0 f i parse.obj
 0001:00008cd0       ??_GShow_instances@@UEAAPEAXI@Z 0000000000409cd0 f i parse.obj
 0001:00008d20       ??_EFlush_instances@@UEAAPEAXI@Z 0000000000409d20 f i parse.obj
 0001:00008d20       ??_GFlush_instances@@UEAAPEAXI@Z 0000000000409d20 f i parse.obj
 0001:00008d70       ??_GSyntax_error@@UEAAPEAXI@Z 0000000000409d70 f i parse.obj
 0001:00008d70       ??_ESyntax_error@@UEAAPEAXI@Z 0000000000409d70 f i parse.obj
 0001:00008dc0       ??0Unset_option@@QEAA@PEAVInstance_map@@PEBDI1I1I@Z 0000000000409dc0 f i parse.obj
 0001:00008e20       ??1Unset_option@@UEAA@XZ   0000000000409e20 f i parse.obj
 0001:00008e30       ??_EUnset_option@@UEAAPEAXI@Z 0000000000409e30 f i parse.obj
 0001:00008e30       ??_GUnset_option@@UEAAPEAXI@Z 0000000000409e30 f i parse.obj
 0001:00008e80       ?parse_command@@YAPEAVCommand@@PEAVInstance_map@@PEBD@Z 0000000000409e80 f   parse.obj
 0001:00009d00       ?trim_space@@YAXPEAPEBDPEAI@Z 000000000040ad00 f   parse_output.obj
 0001:00009d90       ?parse_output_and_get_value@@YAHPEBD0PEAD_KI@Z 000000000040ad90 f   parse_output.obj
 0001:00009f70       ?set_stacksize_n_create_thread@@YAHPEAPEAXPEAUthread_attr@@P6APEAXPEAX@Z2@Z 000000000040af70 f   priv.obj
 0001:00009f80       ?net_send_error@@YAHPEAUst_net@@I@Z 000000000040af80 f   protocol.obj
 0001:0000a090       ?net_send_error_323@@YAHPEAUst_net@@I@Z 000000000040b090 f   protocol.obj
 0001:0000a170       ?net_store_length@@YAPEADPEADI@Z 000000000040b170 f   protocol.obj
 0001:0000a1a0       ?store_to_protocol_packet@@YAHPEAVBuffer@@PEBDPEAII@Z 000000000040b1a0 f   protocol.obj
 0001:0000a260       ?store_to_protocol_packet@@YAHPEAVBuffer@@PEBDPEAI@Z 000000000040b260 f   protocol.obj
 0001:0000a2a0       ?send_eof@@YAHPEAUst_net@@@Z 000000000040b2a0 f   protocol.obj
 0001:0000a310       ?send_fields@@YAHPEAUst_net@@PEAUst_list@@@Z 000000000040b310 f   protocol.obj
 0001:0000a630       ?net_send_ok@@YAHPEAUst_net@@KPEBD@Z 000000000040b630 f   protocol.obj
 0001:0000a7e0       ??0Thread_info@@QEAA@XZ    000000000040b7e0 f   thread_registry.obj
 0001:0000a7f0       ??0Thread_info@@QEAA@PEAX@Z 000000000040b7f0 f   thread_registry.obj
 0001:0000a800       ??0Thread_registry@@QEAA@XZ 000000000040b800 f   thread_registry.obj
 0001:0000a870       ??1Thread_registry@@QEAA@XZ 000000000040b870 f   thread_registry.obj
 0001:0000a8d0       ?register_thread@Thread_registry@@QEAAXPEAVThread_info@@@Z 000000000040b8d0 f   thread_registry.obj
 0001:0000a950       ?unregister_thread@Thread_registry@@QEAAXPEAVThread_info@@@Z 000000000040b950 f   thread_registry.obj
 0001:0000a9e0       ?cond_wait@Thread_registry@@QEAAHPEAVThread_info@@PEAUpthread_cond_t@@PEAU_RTL_CRITICAL_SECTION@@@Z 000000000040b9e0 f   thread_registry.obj
 0001:0000aab0       ?cond_timedwait@Thread_registry@@QEAAHPEAVThread_info@@PEAUpthread_cond_t@@PEAU_RTL_CRITICAL_SECTION@@PEAUtimespec@@@Z 000000000040bab0 f   thread_registry.obj
 0001:0000ab90       ?deliver_shutdown@Thread_registry@@QEAAXXZ 000000000040bb90 f   thread_registry.obj
 0001:0000acb0       ?request_shutdown@Thread_registry@@QEAAXXZ 000000000040bcb0 f   thread_registry.obj
 0001:0000acc0       ?get_error_status@Thread_registry@@QEAAHXZ 000000000040bcc0 f   thread_registry.obj
 0001:0000ad10       ?set_error_status@Thread_registry@@QEAAXXZ 000000000040bd10 f   thread_registry.obj
 0001:0000ad60       ??0User@@QEAA@XZ           000000000040bd60 f i user_map.obj
 0001:0000ad70       ?init@User@@QEAAHPEBD@Z    000000000040bd70 f   user_map.obj
 0001:0000af00       ?init@User_map@@QEAAHXZ    000000000040bf00 f   user_map.obj
 0001:0000af60       ??1User_map@@QEAA@XZ       000000000040bf60 f   user_map.obj
 0001:0000af70       ?load@User_map@@QEAAHPEBD@Z 000000000040bf70 f   user_map.obj
 0001:0000b130       ?authenticate@User_map@@QEBAHPEBDI00@Z 000000000040c130 f   user_map.obj
 0001:0000b180       ??0IMService@@QEAA@XZ      000000000040c180 f   IMService.obj
 0001:0000b1e0       ?Shutdown@WindowsService@@MEAAXXZ 000000000040c1e0 f i IMService.obj
 0001:0000b1f0       ?Pause@WindowsService@@MEAAXXZ 000000000040c1f0 f i IMService.obj
 0001:0000b200       ?Continue@WindowsService@@MEAAXXZ 000000000040c200 f i IMService.obj
 0001:0000b210       ??1IMService@@QEAA@XZ      000000000040c210 f   IMService.obj
 0001:0000b230       ?Stop@IMService@@MEAAXXZ   000000000040c230 f   IMService.obj
 0001:0000b260       ?Run@IMService@@MEAAXKPEAPEAD@Z 000000000040c260 f   IMService.obj
 0001:0000b300       ?Log@IMService@@MEAAXPEBD@Z 000000000040c300 f   IMService.obj
 0001:0000b310       ?HandleServiceOptions@@YAHUOptions@@@Z 000000000040c310 f   IMService.obj
 0001:0000b460       ??0WindowsService@@QEAA@XZ 000000000040c460 f   WindowsService.obj
 0001:0000b4b0       ?Stop@WindowsService@@MEAAXXZ 000000000040c4b0 f i WindowsService.obj
 0001:0000b4c0       ?Log@WindowsService@@MEAAXPEBD@Z 000000000040c4c0 f i WindowsService.obj
 0001:0000b4d0       ??1WindowsService@@QEAA@XZ 000000000040c4d0 f   WindowsService.obj
 0001:0000b4e0       ?IsInstalled@WindowsService@@QEAAHXZ 000000000040c4e0 f   WindowsService.obj
 0001:0000b560       ?SetAcceptedControls@WindowsService@@QEAAXK@Z 000000000040c560 f   WindowsService.obj
 0001:0000b570       ?ReportStatus@WindowsService@@IEAAHKKK@Z 000000000040c570 f   WindowsService.obj
 0001:0000b650       ?HandleControlCode@WindowsService@@IEAAXK@Z 000000000040c650 f   WindowsService.obj
 0001:0000b6e0       ?ControlHandler@WindowsService@@SAXK@Z 000000000040c6e0 f   WindowsService.obj
 0001:0000b700       ?Install@WindowsService@@QEAAHXZ 000000000040c700 f   WindowsService.obj
 0001:0000b860       ?Remove@WindowsService@@QEAAHXZ 000000000040c860 f   WindowsService.obj
 0001:0000b960       ?RegisterAndRun@WindowsService@@IEAAXKPEAPEAD@Z 000000000040c960 f   WindowsService.obj
 0001:0000ba10       ?ServiceMain@WindowsService@@SAXKPEAPEAD@Z 000000000040ca10 f   WindowsService.obj
 0001:0000ba30       ?Init@WindowsService@@QEAAHXZ 000000000040ca30 f   WindowsService.obj
 0001:0000ba90       my_net_init                000000000040ca90 f   net_serv.obj
 0001:0000bba0       net_end                    000000000040cba0 f   net_serv.obj
 0001:0000bbd0       net_realloc                000000000040cbd0 f   net_serv.obj
 0001:0000bd60       net_clear                  000000000040cd60 f   net_serv.obj
 0001:0000bde0       net_real_write             000000000040cde0 f   net_serv.obj
 0001:0000c3a0       my_net_read                000000000040d3a0 f   net_serv.obj
 0001:0000c680       my_net_set_read_timeout    000000000040d680 f   net_serv.obj
 0001:0000c6b0       my_net_set_write_timeout   000000000040d6b0 f   net_serv.obj
 0001:0000c6e0       net_flush                  000000000040d6e0 f   net_serv.obj
 0001:0000c890       my_net_write               000000000040d890 f   net_serv.obj
 0001:0000c9f0       net_write_command          000000000040d9f0 f   net_serv.obj
 0001:0000cbf0       net_field_length           000000000040dbf0 f   pack.obj
 0001:0000cca0       net_field_length_ll        000000000040dca0 f   pack.obj
 0001:0000cda0       net_store_length           000000000040dda0 f   pack.obj
 0001:0000ce60       randominit                 000000000040de60 f   password.obj
 0001:0000cee0       my_rnd                     000000000040dee0 f   password.obj
 0001:0000cf20       hash_password              000000000040df20 f   password.obj
 0001:0000cfd0       make_scrambled_password_323 000000000040dfd0 f   password.obj
 0001:0000d040       scramble_323               000000000040e040 f   password.obj
 0001:0000d200       check_scramble_323         000000000040e200 f   password.obj
 0001:0000d3d0       get_salt_from_password_323 000000000040e3d0 f   password.obj
 0001:0000d470       make_password_from_salt_323 000000000040e470 f   password.obj
 0001:0000d490       create_random_string       000000000040e490 f   password.obj
 0001:0000d510       octet2hex                  000000000040e510 f   password.obj
 0001:0000d660       make_scrambled_password    000000000040e660 f   password.obj
 0001:0000d780       scramble                   000000000040e780 f   password.obj
 0001:0000d910       check_scramble             000000000040e910 f   password.obj
 0001:0000da70       get_salt_from_password     000000000040ea70 f   password.obj
 0001:0000da90       make_password_from_salt    000000000040ea90 f   password.obj
 0001:0000dab0       mysql_errno_to_sqlstate    000000000040eab0 f   sql_state.obj
 0001:0000db10       my_connect                 000000000040eb10 f   client.obj
 0001:0000db20       create_named_pipe          000000000040eb20 f   client.obj
 0001:0000ddf0       free_rows                  000000000040edf0 f   client.obj
 0001:0000de30       free_old_query             000000000040ee30 f   client.obj
 0001:0000dea0       set_mysql_error            000000000040eea0 f   client.obj
 0001:0000dfe0       end_server                 000000000040efe0 f   client.obj
 0001:0000e050       mysql_free_result          000000000040f050 f   client.obj
 0001:0000e1f0       mysql_read_default_options 000000000040f1f0 f   client.obj
 0001:0000e840       unpack_fields              000000000040f840 f   client.obj
 0001:0000edc0       mysql_init                 000000000040fdc0 f   client.obj
 0001:0000ee90       mysql_ssl_set              000000000040fe90 f   client.obj
 0001:0000f080       mysql_get_ssl_cipher       0000000000410080 f   client.obj
 0001:0000f1f0       mysql_init_character_set   00000000004101f0 f   client.obj
 0001:0000f520       mysql_select_db            0000000000410520 f   client.obj
 0001:0000f7b0       mysql_detach_stmt_list     00000000004107b0 f   client.obj
 0001:0000f7c0       mysql_close                00000000004107c0 f   client.obj
 0001:0000f8e0       mysql_send_query           00000000004108e0 f   client.obj
 0001:0000f930       mysql_real_query           0000000000410930 f   client.obj
 0001:0000f970       mysql_store_result         0000000000410970 f   client.obj
 0001:0000fd00       mysql_fetch_lengths        0000000000410d00 f   client.obj
 0001:0000fd50       mysql_options              0000000000410d50 f   client.obj
 0001:00010160       mysql_num_rows             0000000000411160 f   client.obj
 0001:00010170       mysql_num_fields           0000000000411170 f   client.obj
 0001:00010180       mysql_errno                0000000000411180 f   client.obj
 0001:00010190       mysql_error                0000000000411190 f   client.obj
 0001:000101a0       mysql_get_server_version   00000000004111a0 f   client.obj
 0001:00010240       mysql_set_character_set    0000000000411240 f   client.obj
 0001:00010440       cli_safe_read              0000000000411440 f   client.obj
 0001:00010660       cli_read_rows              0000000000411660 f   client.obj
 0001:00010ba0       mysql_real_connect         0000000000411ba0 f   client.obj
 0001:00011f10       mysql_reconnect            0000000000412f10 f   client.obj
 0001:000124a0       mysql_fetch_row            00000000004134a0 f   client.obj
 0001:000125d0       cli_advanced_command       00000000004135d0 f   client.obj
 0001:00012800       get_tty_password           0000000000413800 f   get_password.obj
 0001:00012970       init_client_errs           0000000000413970 f   errmsg.obj
 0001:00012990       finish_client_errs         0000000000413990 f   errmsg.obj
 0001:000129a0       InitializeCriticalSection  00000000004139a0 f   kernel32:KERNEL32.dll
 0001:000129a6       DeleteCriticalSection      00000000004139a6 f   kernel32:KERNEL32.dll
 0001:000129ac       LeaveCriticalSection       00000000004139ac f   kernel32:KERNEL32.dll
 0001:000129b2       EnterCriticalSection       00000000004139b2 f   kernel32:KERNEL32.dll
 0001:000129b8       GetSystemTimeAsFileTime    00000000004139b8 f   kernel32:KERNEL32.dll
 0001:000129be       CloseHandle                00000000004139be f   kernel32:KERNEL32.dll
 0001:000129c4       GetExitCodeProcess         00000000004139c4 f   kernel32:KERNEL32.dll
 0001:000129ca       WaitForSingleObject        00000000004139ca f   kernel32:KERNEL32.dll
 0001:000129d0       CreateProcessA             00000000004139d0 f   kernel32:KERNEL32.dll
 0001:000129d6       SetLastError               00000000004139d6 f   kernel32:KERNEL32.dll
 0001:000129dc       GetLastError               00000000004139dc f   kernel32:KERNEL32.dll
 0001:000129e2       CreateRemoteThread         00000000004139e2 f   kernel32:KERNEL32.dll
 0001:000129e8       GetProcAddress             00000000004139e8 f   kernel32:KERNEL32.dll
 0001:000129ee       DuplicateHandle            00000000004139ee f   kernel32:KERNEL32.dll
 0001:000129f4       GetCurrentProcess          00000000004139f4 f   kernel32:KERNEL32.dll
 0001:000129fa       GetModuleHandleA           00000000004139fa f   kernel32:KERNEL32.dll
 0001:00012a00       TerminateProcess           0000000000413a00 f   kernel32:KERNEL32.dll
 0001:00012a06       OpenProcess                0000000000413a06 f   kernel32:KERNEL32.dll
 0001:00012a0c       Sleep                      0000000000413a0c f   kernel32:KERNEL32.dll
 0001:00012a12       GetCurrentThreadId         0000000000413a12 f   kernel32:KERNEL32.dll
 0001:00012a18       GetModuleFileNameA         0000000000413a18 f   kernel32:KERNEL32.dll
 0001:00012a1e       SetNamedPipeHandleState    0000000000413a1e f   kernel32:KERNEL32.dll
 0001:00012a24       WaitNamedPipeA             0000000000413a24 f   kernel32:KERNEL32.dll
 0001:00012a2a       CreateFileA                0000000000413a2a f   kernel32:KERNEL32.dll
 0001:00012a30       CloseServiceHandle         0000000000413a30 f   advapi32:ADVAPI32.dll
 0001:00012a36       OpenServiceA               0000000000413a36 f   advapi32:ADVAPI32.dll
 0001:00012a3c       OpenSCManagerA             0000000000413a3c f   advapi32:ADVAPI32.dll
 0001:00012a42       SetServiceStatus           0000000000413a42 f   advapi32:ADVAPI32.dll
 0001:00012a48       CreateServiceA             0000000000413a48 f   advapi32:ADVAPI32.dll
 0001:00012a4e       DeleteService              0000000000413a4e f   advapi32:ADVAPI32.dll
 0001:00012a54       RegisterServiceCtrlHandlerA 0000000000413a54 f   advapi32:ADVAPI32.dll
 0001:00012a5a       StartServiceCtrlDispatcherA 0000000000413a5a f   advapi32:ADVAPI32.dll
 0001:00012a60       my_realloc                 0000000000413a60 f   mysys:my_realloc.obj
 0001:00012b20       my_malloc                  0000000000413b20 f   mysys:my_malloc.obj
 0001:00012be0       my_no_flags_free           0000000000413be0 f   mysys:my_malloc.obj
 0001:00012c00       my_memdup                  0000000000413c00 f   mysys:my_malloc.obj
 0001:00012c50       my_strdup                  0000000000413c50 f   mysys:my_malloc.obj
 0001:00012cb0       my_strdup_with_length      0000000000413cb0 f   mysys:my_malloc.obj
 0001:00012d10       list_add                   0000000000413d10 f   mysys:list.obj
 0001:00012d50       list_delete                0000000000413d50 f   mysys:list.obj
 0001:00012d80       list_free                  0000000000413d80 f   mysys:list.obj
 0001:00012de0       list_cons                  0000000000413de0 f   mysys:list.obj
 0001:00012e40       list_reverse               0000000000413e40 f   mysys:list.obj
 0001:00012e70       list_length                0000000000413e70 f   mysys:list.obj
 0001:00012e90       list_walk                  0000000000413e90 f   mysys:list.obj
 0001:00012ee0       init_dynamic_array         0000000000413ee0 f   mysys:array.obj
 0001:00012f60       alloc_dynamic              0000000000413f60 f   mysys:array.obj
 0001:00012fc0       pop_dynamic                0000000000413fc0 f   mysys:array.obj
 0001:00012fe0       set_dynamic                0000000000413fe0 f   mysys:array.obj
 0001:000130a0       get_dynamic                00000000004140a0 f   mysys:array.obj
 0001:000130e0       delete_dynamic             00000000004140e0 f   mysys:array.obj
 0001:00013110       delete_dynamic_element     0000000000414110 f   mysys:array.obj
 0001:00013140       freeze_size                0000000000414140 f   mysys:array.obj
 0001:000131a0       insert_dynamic             00000000004141a0 f   mysys:array.obj
 0001:00013210       my_read                    0000000000414210 f   mysys:my_read.obj
 0001:00013390       my_seek                    0000000000414390 f   mysys:my_seek.obj
 0001:00013450       my_tell                    0000000000414450 f   mysys:my_seek.obj
 0001:000134b0       my_dirend                  00000000004144b0 f   mysys:my_lib.obj
 0001:00013520       my_dir                     0000000000414520 f   mysys:my_lib.obj
 0001:00013820       my_fstat                   0000000000414820 f   mysys:my_lib.obj
 0001:00013830       my_stat                    0000000000414830 f   mysys:my_lib.obj
 0001:000138f0       my_close                   00000000004148f0 f   mysys:my_open.obj
 0001:000139f0       my_register_filename       00000000004149f0 f   mysys:my_open.obj
 0001:00013b50       my_sopen                   0000000000414b50 f   mysys:my_open.obj
 0001:00013df0       my_open                    0000000000414df0 f   mysys:my_open.obj
 0001:00013ec0       modify_defaults_file       0000000000414ec0 f   mysys:default_modify.obj
 0001:00014390       init_alloc_root            0000000000415390 f   mysys:my_alloc.obj
 0001:00014420       reset_root_defaults        0000000000415420 f   mysys:my_alloc.obj
 0001:00014500       alloc_root                 0000000000415500 f   mysys:my_alloc.obj
 0001:00014610       multi_alloc_root           0000000000415610 f   mysys:my_alloc.obj
 0001:00014700       free_root                  0000000000415700 f   mysys:my_alloc.obj
 0001:00014810       set_prealloc_root          0000000000415810 f   mysys:my_alloc.obj
 0001:00014860       strmake_root               0000000000415860 f   mysys:my_alloc.obj
 0001:000148c0       memdup_root                00000000004158c0 f   mysys:my_alloc.obj
 0001:00014910       strdup_root                0000000000415910 f   mysys:my_alloc.obj
 0001:00014950       pthread_cond_init          0000000000415950 f   mysys:my_wincond.obj
 0001:000149d0       pthread_cond_destroy       00000000004159d0 f   mysys:my_wincond.obj
 0001:00014a20       pthread_cond_timedwait     0000000000415a20 f   mysys:my_wincond.obj
 0001:00014b50       pthread_cond_signal        0000000000415b50 f   mysys:my_wincond.obj
 0001:00014ba0       pthread_cond_broadcast     0000000000415ba0 f   mysys:my_wincond.obj
 0001:00014bf0       pthread_attr_init          0000000000415bf0 f   mysys:my_wincond.obj
 0001:00014c00       pthread_attr_setstacksize  0000000000415c00 f   mysys:my_wincond.obj
 0001:00014c10       pthread_attr_setprio       0000000000415c10 f   mysys:my_wincond.obj
 0001:00014c20       pthread_attr_destroy       0000000000415c20 f   mysys:my_wincond.obj
 0001:00014c30       localtime_r                0000000000415c30 f   mysys:my_wincond.obj
 0001:00014ce0       pthread_cond_wait          0000000000415ce0 f   mysys:my_wincond.obj
 0001:00014cf0       my_thread_global_end       0000000000415cf0 f   mysys:my_thr_init.obj
 0001:00014e30       my_thread_init             0000000000415e30 f   mysys:my_thr_init.obj
 0001:00014ed0       my_thread_end              0000000000415ed0 f   mysys:my_thr_init.obj
 0001:00014f50       _my_thread_var             0000000000415f50 f   mysys:my_thr_init.obj
 0001:00014f70       my_thread_id               0000000000415f70 f   mysys:my_thr_init.obj
 0001:00014f90       my_thread_name             0000000000415f90 f   mysys:my_thr_init.obj
 0001:00014fb0       my_thread_global_init      0000000000415fb0 f   mysys:my_thr_init.obj
 0001:000150c0       win_pthread_init           00000000004160c0 f   mysys:my_winthread.obj
 0001:000150d0       pthread_exit               00000000004160d0 f   mysys:my_winthread.obj
 0001:000150e0       win_pthread_setspecific    00000000004160e0 f   mysys:my_winthread.obj
 0001:00015100       pthread_start              0000000000416100 f   mysys:my_winthread.obj
 0001:00015180       pthread_create             0000000000416180 f   mysys:my_winthread.obj
 0001:00015260       gmtime_r                   0000000000416260 f   mysys:my_pthread.obj
 0001:000152f0       pthread_no_free            00000000004162f0 f   mysys:my_pthread.obj
 0001:00015300       pthread_dummy              0000000000416300 f   mysys:my_pthread.obj
 0001:00015350       _hash_init                 0000000000416350 f   mysys:hash.obj
 0001:00015480       hash_free                  0000000000416480 f   mysys:hash.obj
 0001:000154f0       my_hash_reset              00000000004164f0 f   mysys:hash.obj
 0001:00015770       my_hash_insert             0000000000416770 f   mysys:hash.obj
 0001:00015a50       hash_delete                0000000000416a50 f   mysys:hash.obj
 0001:00015d50       hash_update                0000000000416d50 f   mysys:hash.obj
 0001:00015f60       hash_element               0000000000416f60 f   mysys:hash.obj
 0001:00015f80       hash_replace               0000000000416f80 f   mysys:hash.obj
 0001:00015fa0       hash_first                 0000000000416fa0 f   mysys:hash.obj
 0001:00016080       hash_next                  0000000000417080 f   mysys:hash.obj
 0001:00016130       hash_search                0000000000417130 f   mysys:hash.obj
 0001:00016150       my_charset_same            0000000000417150 f   mysys:charset.obj
 0001:00016970       get_charsets_dir           0000000000417970 f   mysys:charset.obj
 0001:00016a30       add_compiled_collation     0000000000417a30 f   mysys:charset.obj
 0001:00016b90       free_charsets              0000000000417b90 f   mysys:charset.obj
 0001:00016ba0       get_collation_number       0000000000417ba0 f   mysys:charset.obj
 0001:00016bc0       get_charset_number         0000000000417bc0 f   mysys:charset.obj
 0001:00016c50       get_charset_name           0000000000417c50 f   mysys:charset.obj
 0001:00016db0       get_charset                0000000000417db0 f   mysys:charset.obj
 0001:00016ea0       get_charset_by_name        0000000000417ea0 f   mysys:charset.obj
 0001:00016f60       get_charset_by_csname      0000000000417f60 f   mysys:charset.obj
 0001:00017030       escape_string_for_mysql    0000000000418030 f   mysys:charset.obj
 0001:00017270       fs_character_set           0000000000418270 f   mysys:charset.obj
 0001:00017340       escape_quotes_for_mysql    0000000000418340 f   mysys:charset.obj
 0001:00017530       get_defaults_options       0000000000418530 f   mysys:default.obj
 0001:00017650       free_defaults              0000000000418650 f   mysys:default.obj
 0001:00018250       my_print_default_files     0000000000419250 f   mysys:default.obj
 0001:000183e0       print_defaults             00000000004193e0 f   mysys:default.obj
 0001:00018570       my_search_option_files     0000000000419570 f   mysys:default.obj
 0001:000188e0       load_defaults              00000000004198e0 f   mysys:default.obj
 0001:00018ca0       strlength                  0000000000419ca0 f   mysys:mf_format.obj
 0001:00018d00       fn_format                  0000000000419d00 f   mysys:mf_format.obj
 0001:00018f90       my_load_path               0000000000419f90 f   mysys:mf_loadpath.obj
 0001:000190f0       my_fclose                  000000000041a0f0 f   mysys:my_fopen.obj
 0001:00019250       my_fopen                   000000000041a250 f   mysys:my_fopen.obj
 0001:000193e0       my_fdopen                  000000000041a3e0 f   mysys:my_fopen.obj
 0001:000194f0       dirname_length             000000000041a4f0 f   mysys:mf_dirname.obj
 0001:00019550       convert_dirname            000000000041a550 f   mysys:mf_dirname.obj
 0001:00019660       dirname_part               000000000041a660 f   mysys:mf_dirname.obj
 0001:000196b0       my_delete                  000000000041a6b0 f   mysys:my_delete.obj
 0001:00019730       nt_share_delete            000000000041a730 f   mysys:my_delete.obj
 0001:000198a0       my_end                     000000000041a8a0 f   mysys:my_init.obj
 0001:00019960       setEnvString               000000000041a960 f   mysys:my_init.obj
 0001:00019990       my_parameter_handler       000000000041a990 f   mysys:my_init.obj
 0001:00019c70       my_init                    000000000041ac70 f   mysys:my_init.obj
 0001:00019dd0       my_getopt_register_get_addr 000000000041add0 f   mysys:my_getopt.obj
 0001:00019e70       getopt_compare_strings     000000000041ae70 f   mysys:my_getopt.obj
 0001:0001a030       getopt_ull_limit_value     000000000041b030 f   mysys:my_getopt.obj
 0001:0001a140       my_print_help              000000000041b140 f   mysys:my_getopt.obj
 0001:0001a3f0       my_print_variables         000000000041b3f0 f   mysys:my_getopt.obj
 0001:0001a8c0       handle_options             000000000041b8c0 f   mysys:my_getopt.obj
 0001:0001b3f0       my_compress_alloc          000000000041c3f0 f   mysys:my_compress.obj
 0001:0001b490       my_uncompress              000000000041c490 f   mysys:my_compress.obj
 0001:0001b520       my_compress                000000000041c520 f   mysys:my_compress.obj
 0001:0001b5a0       mysql_sha1_reset           000000000041c5a0 f   mysys:sha1.obj
 0001:0001bc90       mysql_sha1_result          000000000041cc90 f   mysys:sha1.obj
 0001:0001bd40       mysql_sha1_input           000000000041cd40 f   mysys:sha1.obj
 0001:0001bdb0       find_type                  000000000041cdb0 f   mysys:typelib.obj
 0001:0001bf30       get_type                   000000000041cf30 f   mysys:typelib.obj
 0001:0001bf50       copy_typelib               000000000041cf50 f   mysys:typelib.obj
 0001:0001c0a0       make_type                  000000000041d0a0 f   mysys:typelib.obj
 0001:0001c0d0       my_error                   000000000041d0d0 f   mysys:my_error.obj
 0001:0001c1a0       my_printf_error            000000000041d1a0 f   mysys:my_error.obj
 0001:0001c210       my_message                 000000000041d210 f   mysys:my_error.obj
 0001:0001c220       my_error_register          000000000041d220 f   mysys:my_error.obj
 0001:0001c2d0       my_error_unregister        000000000041d2d0 f   mysys:my_error.obj
 0001:0001c330       my_multi_malloc            000000000041d330 f   mysys:mulalloc.obj
 0001:0001c3e0       my_gethostbyname_r         000000000041d3e0 f   mysys:my_gethostbyname.obj
 0001:0001c420       my_gethostbyname_r_free    000000000041d420 f   mysys:my_gethostbyname.obj
 0001:0001c430       thr_alarm_kill             000000000041d430 f   mysys:thr_alarm.obj
 0001:0001c440       process_alarm              000000000041d440 f   mysys:thr_alarm.obj
 0001:0001c450       thr_alarm                  000000000041d450 f   mysys:thr_alarm.obj
 0001:0001c4a0       thr_got_alarm              000000000041d4a0 f   mysys:thr_alarm.obj
 0001:0001c510       thr_end_alarm              000000000041d510 f   mysys:thr_alarm.obj
 0001:0001c540       end_thr_alarm              000000000041d540 f   mysys:thr_alarm.obj
 0001:0001c550       init_thr_alarm             000000000041d550 f   mysys:thr_alarm.obj
 0001:0001c560       thr_alarm_info             000000000041d560 f   mysys:thr_alarm.obj
 0001:0001c570       resize_thr_alarm           000000000041d570 f   mysys:thr_alarm.obj
 0001:0001c580       my_filename                000000000041d580 f   mysys:my_div.obj
 0001:0001c5c0       qsort                      000000000041d5c0 f   mysys:mf_qsort.obj
 0001:0001ce30       my_access                  000000000041de30 f   mysys:my_access.obj
 0001:0001ce80       check_if_legal_filename    000000000041de80 f   mysys:my_access.obj
 0001:0001cf30       my_fread                   000000000041df30 f   mysys:my_fstream.obj
 0001:0001d040       my_fseek                   000000000041e040 f   mysys:my_fstream.obj
 0001:0001d070       my_ftell                   000000000041e070 f   mysys:my_fstream.obj
 0001:0001d080       my_fwrite                  000000000041e080 f   mysys:my_fstream.obj
 0001:0001d1c0       my_chsize                  000000000041e1c0 f   mysys:my_chsize.obj
 0001:0001d370       my_once_alloc              000000000041e370 f   mysys:my_once.obj
 0001:0001d450       my_once_strdup             000000000041e450 f   mysys:my_once.obj
 0001:0001d4b0       my_once_memdup             000000000041e4b0 f   mysys:my_once.obj
 0001:0001d500       my_once_free               000000000041e500 f   mysys:my_once.obj
 0001:0001d540       my_getwd                   000000000041e540 f   mysys:my_getwd.obj
 0001:0001d600       test_if_hard_path          000000000041e600 f   mysys:my_getwd.obj
 0001:0001d670       has_path                   000000000041e670 f   mysys:my_getwd.obj
 0001:0001d6c0       my_setwd                   000000000041e6c0 f   mysys:my_getwd.obj
 0001:0001d790       init_compiled_charsets     000000000041e790 f   mysys:charset-def.obj
 0001:0001dae0       fn_ext                     000000000041eae0 f   mysys:mf_fn_ext.obj
 0001:0001db60       my_readlink                000000000041eb60 f   mysys:my_symlink.obj
 0001:0001db80       my_symlink                 000000000041eb80 f   mysys:my_symlink.obj
 0001:0001db90       my_realpath                000000000041eb90 f   mysys:my_symlink.obj
 0001:0001dbb0       cleanup_dirname            000000000041ebb0 f   mysys:mf_pack.obj
 0001:0001df30       symdirget                  000000000041ef30 f   mysys:mf_pack.obj
 0001:0001e0b0       system_filename            000000000041f0b0 f   mysys:mf_pack.obj
 0001:0001e0d0       intern_filename            000000000041f0d0 f   mysys:mf_pack.obj
 0001:0001e170       pack_dirname               000000000041f170 f   mysys:mf_pack.obj
 0001:0001e3e0       unpack_dirname             000000000041f3e0 f   mysys:mf_pack.obj
 0001:0001e560       unpack_filename            000000000041f560 f   mysys:mf_pack.obj
 0001:0001e620       my_message_no_curses       000000000041f620 f   mysys:my_messnc.obj
 0001:0001e6e0       init_glob_errs             000000000041f6e0 f   mysys:errors.obj
 0001:0001e6f0       my_write                   000000000041f6f0 f   mysys:my_write.obj
 0001:0001e890       strnmov                    000000000041f890 f   strings:strnmov.obj
 0001:0001e8d0       int2str                    000000000041f8d0 f   strings:int2str.obj
 0001:0001e9e0       int10_to_str               000000000041f9e0 f   strings:int2str.obj
 0001:0001eac0       strmake                    000000000041fac0 f   strings:strmake.obj
 0001:0001eb00       strmov                     000000000041fb00 f   strings:strmov.obj
 0001:0001eb30       strxnmov                   000000000041fb30 f   strings:strxnmov.obj
 0001:0001eb90       strend                     000000000041fb90 f   strings:strend.obj
 0001:0001ebb0       is_prefix                  000000000041fbb0 f   strings:is_prefix.obj
 0001:0001ef30       my_hash_sort_latin1_de     000000000041ff30 f   strings:ctype-latin1.obj
 0001:0001efe0       my_vsnprintf               000000000041ffe0 f   strings:my_vsnprintf.obj
 0001:0001f350       my_snprintf                0000000000420350 f   strings:my_vsnprintf.obj
 0001:0001f370       strcend                    0000000000420370 f   strings:strcend.obj
 0001:0001f390       my_strnxfrmlen_simple      0000000000420390 f   strings:ctype-simple.obj
 0001:0001f3b0       my_strnxfrm_simple         00000000004203b0 f   strings:ctype-simple.obj
 0001:0001f450       my_strnncoll_simple        0000000000420450 f   strings:ctype-simple.obj
 0001:0001f4f0       my_strnncollsp_simple      00000000004204f0 f   strings:ctype-simple.obj
 0001:0001f5f0       my_caseup_str_8bit         00000000004205f0 f   strings:ctype-simple.obj
 0001:0001f630       my_casedn_str_8bit         0000000000420630 f   strings:ctype-simple.obj
 0001:0001f670       my_caseup_8bit             0000000000420670 f   strings:ctype-simple.obj
 0001:0001f6a0       my_casedn_8bit             00000000004206a0 f   strings:ctype-simple.obj
 0001:0001f6d0       my_strcasecmp_8bit         00000000004206d0 f   strings:ctype-simple.obj
 0001:0001f730       my_mb_wc_8bit              0000000000420730 f   strings:ctype-simple.obj
 0001:0001f770       my_wc_mb_8bit              0000000000420770 f   strings:ctype-simple.obj
 0001:0001f7d0       my_snprintf_8bit           00000000004207d0 f   strings:ctype-simple.obj
 0001:0001f800       my_hash_sort_simple        0000000000420800 f   strings:ctype-simple.obj
 0001:0001f880       my_strntol_8bit            0000000000420880 f   strings:ctype-simple.obj
 0001:0001fa10       my_strntoul_8bit           0000000000420a10 f   strings:ctype-simple.obj
 0001:0001fb80       my_strntoll_8bit           0000000000420b80 f   strings:ctype-simple.obj
 0001:0001fd40       my_strntoull_8bit          0000000000420d40 f   strings:ctype-simple.obj
 0001:0001fed0       my_strntod_8bit            0000000000420ed0 f   strings:ctype-simple.obj
 0001:0001ff00       my_long10_to_str_8bit      0000000000420f00 f   strings:ctype-simple.obj
 0001:00020030       my_longlong10_to_str_8bit  0000000000421030 f   strings:ctype-simple.obj
 0001:00020180       my_wildcmp_8bit            0000000000421180 f   strings:ctype-simple.obj
 0001:000203c0       my_like_range_simple       00000000004213c0 f   strings:ctype-simple.obj
 0001:00020590       my_scan_8bit               0000000000421590 f   strings:ctype-simple.obj
 0001:000205f0       my_fill_8bit               00000000004215f0 f   strings:ctype-simple.obj
 0001:00020600       my_numchars_8bit           0000000000421600 f   strings:ctype-simple.obj
 0001:00020610       my_numcells_8bit           0000000000421610 f   strings:ctype-simple.obj
 0001:00020620       my_charpos_8bit            0000000000421620 f   strings:ctype-simple.obj
 0001:00020630       my_well_formed_len_8bit    0000000000421630 f   strings:ctype-simple.obj
 0001:00020650       my_lengthsp_8bit           0000000000421650 f   strings:ctype-simple.obj
 0001:00020680       my_instr_simple            0000000000421680 f   strings:ctype-simple.obj
 0001:00020ad0       my_strtoll10_8bit          0000000000421ad0 f   strings:ctype-simple.obj
 0001:00020af0       my_strntoull10rnd_8bit     0000000000421af0 f   strings:ctype-simple.obj
 0001:00020f10       my_propagate_simple        0000000000421f10 f   strings:ctype-simple.obj
 0001:00020f20       my_propagate_complex       0000000000421f20 f   strings:ctype-simple.obj
 0001:00020fa0       my_lengthsp_binary         0000000000421fa0 f   strings:ctype-bin.obj
 0001:00021100       my_mbcharlen_8bit          0000000000422100 f   strings:ctype-bin.obj
 0001:00021150       my_hash_sort_8bit_bin      0000000000422150 f   strings:ctype-bin.obj
 0001:000211b0       my_hash_sort_bin           00000000004221b0 f   strings:ctype-bin.obj
 0001:00021210       my_wildcmp_bin             0000000000422210 f   strings:ctype-bin.obj
 0001:00021cf0       my_parse_charset_xml       0000000000422cf0 f   strings:ctype.obj
 0001:00021dd0       my_string_repertoire       0000000000422dd0 f   strings:ctype.obj
 0001:00021e90       my_charset_is_ascii_based  0000000000422e90 f   strings:ctype.obj
 0001:00021ed0       my_charset_is_8bit_pure_ascii 0000000000422ed0 f   strings:ctype.obj
 0001:00023670       strxmov                    0000000000424670 f   strings:strxmov.obj
 0001:00024050       str2int                    0000000000425050 f   strings:str2int.obj
 0001:00024270       strtoll                    0000000000425270 f   strings:strtoll.obj
 0001:00024490       longlong2str               0000000000425490 f   strings:longlong2str.obj
 0001:000245c0       longlong10_to_str          00000000004255c0 f   strings:longlong2str.obj
 0001:000246e0       llstr                      00000000004256e0 f   strings:llstr.obj
 0001:00024700       my_wildcmp_unicode         0000000000425700 f   strings:ctype-utf8.obj
 0001:00028680       my_strntol_ucs2            0000000000429680 f   strings:ctype-ucs2.obj
 0001:00028900       my_strntoul_ucs2           0000000000429900 f   strings:ctype-ucs2.obj
 0001:00028b50       my_strntoll_ucs2           0000000000429b50 f   strings:ctype-ucs2.obj
 0001:00028de0       my_strntoull_ucs2          0000000000429de0 f   strings:ctype-ucs2.obj
 0001:00029050       my_strntod_ucs2            000000000042a050 f   strings:ctype-ucs2.obj
 0001:00029190       my_strntoull10rnd_ucs2     000000000042a190 f   strings:ctype-ucs2.obj
 0001:000292f0       my_l10tostr_ucs2           000000000042a2f0 f   strings:ctype-ucs2.obj
 0001:00029470       my_ll10tostr_ucs2          000000000042a470 f   strings:ctype-ucs2.obj
 0001:00029620       my_strtoll10_ucs2          000000000042a620 f   strings:ctype-ucs2.obj
 0001:00029dd0       my_like_range_ucs2         000000000042add0 f   strings:ctype-ucs2.obj
 0001:0002a190       my_scan_ucs2               000000000042b190 f   strings:ctype-ucs2.obj
 0001:0002b060       my_strnncoll_gbk_internal  000000000042c060 f   strings:ctype-gbk.obj
 0001:0002b1b0       my_strnncoll_gbk           000000000042c1b0 f   strings:ctype-gbk.obj
 0001:00030120       bchange                    0000000000431120 f   strings:bchange.obj
 0001:000301a0       bmove_upp                  00000000004311a0 f   strings:bmove_upp.obj
 0001:000301d0       my_strtod                  00000000004311d0 f   strings:strtod.obj
 0001:00030570       my_atof                    0000000000431570 f   strings:strtod.obj
 0001:000305a0       my_strtoll10               00000000004315a0 f   strings:my_strtoll10.obj
 0001:00030f00       my_xml_parse               0000000000431f00 f   strings:xml.obj
 0001:000312f0       my_xml_parser_create       00000000004322f0 f   strings:xml.obj
 0001:00031300       my_xml_parser_free         0000000000432300 f   strings:xml.obj
 0001:00031310       my_xml_set_value_handler   0000000000432310 f   strings:xml.obj
 0001:00031320       my_xml_set_enter_handler   0000000000432320 f   strings:xml.obj
 0001:00031330       my_xml_set_leave_handler   0000000000432330 f   strings:xml.obj
 0001:00031340       my_xml_set_user_data       0000000000432340 f   strings:xml.obj
 0001:00031350       my_xml_error_string        0000000000432350 f   strings:xml.obj
 0001:00031360       my_xml_error_pos           0000000000432360 f   strings:xml.obj
 0001:000313a0       my_xml_error_lineno        00000000004323a0 f   strings:xml.obj
 0001:000313d0       my_caseup_str_mb           00000000004323d0 f   strings:ctype-mb.obj
 0001:00031460       my_casedn_str_mb           0000000000432460 f   strings:ctype-mb.obj
 0001:000314f0       my_caseup_mb               00000000004324f0 f   strings:ctype-mb.obj
 0001:00031590       my_casedn_mb               0000000000432590 f   strings:ctype-mb.obj
 0001:00031630       my_strcasecmp_mb           0000000000432630 f   strings:ctype-mb.obj
 0001:00031700       my_wildcmp_mb              0000000000432700 f   strings:ctype-mb.obj
 0001:00031b70       my_numchars_mb             0000000000432b70 f   strings:ctype-mb.obj
 0001:00031bf0       my_charpos_mb              0000000000432bf0 f   strings:ctype-mb.obj
 0001:00031c80       my_well_formed_len_mb      0000000000432c80 f   strings:ctype-mb.obj
 0001:00031d30       my_instr_mb                0000000000432d30 f   strings:ctype-mb.obj
 0001:00032120       my_like_range_mb           0000000000433120 f   strings:ctype-mb.obj
 0001:00032840       my_numcells_mb             0000000000433840 f   strings:ctype-mb.obj
 0001:00032930       vio_delete                 0000000000433930 f   vio:vio.obj
 0001:00032970       vio_end                    0000000000433970 f   vio:vio.obj
 0001:00032cc0       vio_reset                  0000000000433cc0 f   vio:vio.obj
 0001:00032d30       vio_new                    0000000000433d30 f   vio:vio.obj
 0001:00032de0       vio_new_win32pipe          0000000000433de0 f   vio:vio.obj
 0001:00032e50       vio_new_win32shared_memory 0000000000433e50 f   vio:vio.obj
 0001:00032f50       vio_errno                  0000000000433f50 f   vio:viosocket.obj
 0001:00032f60       vio_read                   0000000000433f60 f   vio:viosocket.obj
 0001:00032f70       vio_read_buff              0000000000433f70 f   vio:viosocket.obj
 0001:00033030       vio_write                  0000000000434030 f   vio:viosocket.obj
 0001:00033040       vio_blocking               0000000000434040 f   vio:viosocket.obj
 0001:000330c0       vio_is_blocking            00000000004340c0 f   vio:viosocket.obj
 0001:000330d0       vio_fastsend               00000000004340d0 f   vio:viosocket.obj
 0001:00033110       vio_keepalive              0000000000434110 f   vio:viosocket.obj
 0001:00033160       vio_should_retry           0000000000434160 f   vio:viosocket.obj
 0001:00033190       vio_was_interrupted        0000000000434190 f   vio:viosocket.obj
 0001:000331d0       vio_close                  00000000004341d0 f   vio:viosocket.obj
 0001:00033250       vio_description            0000000000434250 f   vio:viosocket.obj
 0001:00033260       vio_type                   0000000000434260 f   vio:viosocket.obj
 0001:00033270       vio_fd                     0000000000434270 f   vio:viosocket.obj
 0001:00033280       vio_peer_addr              0000000000434280 f   vio:viosocket.obj
 0001:00033320       vio_in_addr                0000000000434320 f   vio:viosocket.obj
 0001:00033340       vio_poll_read              0000000000434340 f   vio:viosocket.obj
 0001:00033350       vio_timeout                0000000000434350 f   vio:viosocket.obj
 0001:00033390       vio_read_pipe              0000000000434390 f   vio:viosocket.obj
 0001:000333d0       vio_write_pipe             00000000004343d0 f   vio:viosocket.obj
 0001:00033410       vio_close_pipe             0000000000434410 f   vio:viosocket.obj
 0001:00033440       vio_ignore_timeout         0000000000434440 f   vio:viosocket.obj
 0001:00033450       vio_read_shared_memory     0000000000434450 f   vio:viosocket.obj
 0001:000335a0       vio_write_shared_memory    00000000004345a0 f   vio:viosocket.obj
 0001:000336b0       vio_close_shared_memory    00000000004346b0 f   vio:viosocket.obj
 0001:000337d0       vio_ssl_read               00000000004347d0 f   vio:viossl.obj
 0001:000337e0       vio_ssl_write              00000000004347e0 f   vio:viossl.obj
 0001:000337f0       vio_ssl_close              00000000004347f0 f   vio:viossl.obj
 0001:00033840       vio_ssl_delete             0000000000434840 f   vio:viossl.obj
 0001:00033890       sslconnect                 0000000000434890 f   vio:viossl.obj
 0001:000339b0       vio_ssl_blocking           00000000004349b0 f   vio:viossl.obj
 0001:000339c0       sslaccept                  00000000004349c0 f   vio:viossl.obj
 0001:00033d60       new_VioSSLConnectorFd      0000000000434d60 f   vio:viosslfactories.obj
 0001:00033e10       new_VioSSLAcceptorFd       0000000000434e10 f   vio:viosslfactories.obj
 0001:00033ec0       ??2@YAPEAX_KPEAUDummy@@@Z  0000000000434ec0 f i yassl:ssl.obj
 0001:00033ed0       ??3@YAXPEAXPEAUDummy@@@Z   0000000000434ed0 f i yassl:ssl.obj
 0001:00033ee0       ??1Message@yaSSL@@UEAA@XZ  0000000000434ee0 f i yassl:ssl.obj
 0001:00033ef0       ??_GMessage@yaSSL@@UEAAPEAXI@Z 0000000000434ef0 f i yassl:ssl.obj
 0001:00033ef0       ??_EMessage@yaSSL@@UEAAPEAXI@Z 0000000000434ef0 f i yassl:ssl.obj
 0001:00033f20       ??1Alert@yaSSL@@UEAA@XZ    0000000000434f20 f i yassl:ssl.obj
 0001:00033f30       ??1HandShakeBase@yaSSL@@UEAA@XZ 0000000000434f30 f i yassl:ssl.obj
 0001:00033f40       ??_EHandShakeBase@yaSSL@@UEAAPEAXI@Z 0000000000434f40 f i yassl:ssl.obj
 0001:00033f40       ??_GHandShakeBase@yaSSL@@UEAAPEAXI@Z 0000000000434f40 f i yassl:ssl.obj
 0001:00033f70       ??0EncryptedInfo@yaSSL@@QEAA@XZ 0000000000434f70 f i yassl:ssl.obj
 0001:00033f80       ?min@TaoCrypt@@YAIII@Z     0000000000434f80 f i yassl:ssl.obj
 0001:00033f90       ??0Error@TaoCrypt@@QEAA@W4ErrorNumber@1@@Z 0000000000434f90 f i yassl:ssl.obj
 0001:00033fa0       ?assign@BIGNUM@yaSSL@@QEAAXPEBEI@Z 0000000000434fa0 f i yassl:ssl.obj
 0001:00033fb0       ??1Finished@yaSSL@@UEAA@XZ 0000000000434fb0 f i yassl:ssl.obj
 0001:00033fc0       ??1HASH@TaoCrypt@@UEAA@XZ  0000000000434fc0 f i yassl:ssl.obj
 0001:00033fd0       ??_EHASH@TaoCrypt@@UEAAPEAXI@Z 0000000000434fd0 f i yassl:ssl.obj
 0001:00033fd0       ??_GHASH@TaoCrypt@@UEAAPEAXI@Z 0000000000434fd0 f i yassl:ssl.obj
 0001:00034000       ??1HASHwithTransform@TaoCrypt@@UEAA@XZ 0000000000435000 f i yassl:ssl.obj
 0001:00034010       ??0MD5@TaoCrypt@@QEAA@XZ   0000000000435010 f i yassl:ssl.obj
 0001:00034080       ?getByteOrder@MD5@TaoCrypt@@UEBA?AW4ByteOrder@2@XZ 0000000000435080 f i yassl:ssl.obj
 0001:00034090       ?getBlockSize@MD5@TaoCrypt@@UEBAIXZ 0000000000435090 f i yassl:ssl.obj
 0001:000340a0       ?getDigestSize@MD5@TaoCrypt@@UEBAIXZ 00000000004350a0 f i yassl:ssl.obj
 0001:000340b0       ?getPadSize@MD5@TaoCrypt@@UEBAIXZ 00000000004350b0 f i yassl:ssl.obj
 0001:000340c0       ??1MD5@TaoCrypt@@UEAA@XZ   00000000004350c0 f i yassl:ssl.obj
 0001:000340d0       ??0MD4@TaoCrypt@@QEAA@XZ   00000000004350d0 f i yassl:ssl.obj
 0001:00034140       ?getByteOrder@MD4@TaoCrypt@@UEBA?AW4ByteOrder@2@XZ 0000000000435140 f i yassl:ssl.obj
 0001:00034150       ?getBlockSize@MD4@TaoCrypt@@UEBAIXZ 0000000000435150 f i yassl:ssl.obj
 0001:00034160       ?getDigestSize@MD4@TaoCrypt@@UEBAIXZ 0000000000435160 f i yassl:ssl.obj
 0001:00034170       ?getPadSize@MD4@TaoCrypt@@UEBAIXZ 0000000000435170 f i yassl:ssl.obj
 0001:00034180       ??1MD4@TaoCrypt@@UEAA@XZ   0000000000435180 f i yassl:ssl.obj
 0001:00034190       yaSSLv3_server_method      0000000000435190 f   yassl:ssl.obj
 0001:000341e0       yaSSLv3_client_method      00000000004351e0 f   yassl:ssl.obj
 0001:00034230       yaTLSv1_server_method      0000000000435230 f   yassl:ssl.obj
 0001:00034280       yaTLSv1_client_method      0000000000435280 f   yassl:ssl.obj
 0001:000342d0       yaTLSv1_1_server_method    00000000004352d0 f   yassl:ssl.obj
 0001:00034320       yaTLSv1_1_client_method    0000000000435320 f   yassl:ssl.obj
 0001:00034370       yaSSLv23_server_method     0000000000435370 f   yassl:ssl.obj
 0001:000343c0       yaSSLv23_client_method     00000000004353c0 f   yassl:ssl.obj
 0001:00034410       yaSSL_CTX_new              0000000000435410 f   yassl:ssl.obj
 0001:00034440       yaSSL_new                  0000000000435440 f   yassl:ssl.obj
 0001:00034470       yaSSL_set_fd               0000000000435470 f   yassl:ssl.obj
 0001:000344a0       yaSSL_get_fd               00000000004354a0 f   yassl:ssl.obj
 0001:000344c0       yaSSL_connect              00000000004354c0 f   yassl:ssl.obj
 0001:00034780       yaSSL_write                0000000000435780 f   yassl:ssl.obj
 0001:00034790       ??1Data@yaSSL@@UEAA@XZ     0000000000435790 f i yassl:ssl.obj
 0001:000347a0       yaSSL_accept               00000000004357a0 f   yassl:ssl.obj
 0001:00034a90       yaSSL_do_handshake         0000000000435a90 f   yassl:ssl.obj
 0001:00034ad0       yaSSL_clear                0000000000435ad0 f   yassl:ssl.obj
 0001:00034af0       yaSSL_shutdown             0000000000435af0 f   yassl:ssl.obj
 0001:00034b80       yaSSL_set_quiet_shutdown   0000000000435b80 f   yassl:ssl.obj
 0001:00034b90       yaSSL_get_quiet_shutdown   0000000000435b90 f   yassl:ssl.obj
 0001:00034bb0       yaSSL_CTX_set_session_cache_mode 0000000000435bb0 f   yassl:ssl.obj
 0001:00034bd0       yaSSL_get_session          0000000000435bd0 f   yassl:ssl.obj
 0001:00034c30       yaSSL_set_session          0000000000435c30 f   yassl:ssl.obj
 0001:00034c90       yaSSL_session_reused       0000000000435c90 f   yassl:ssl.obj
 0001:00034cb0       yaSSL_SESSION_set_timeout  0000000000435cb0 f   yassl:ssl.obj
 0001:00034cd0       yaSSL_get_default_timeout  0000000000435cd0 f   yassl:ssl.obj
 0001:00034ce0       yaSSL_get_cipher           0000000000435ce0 f   yassl:ssl.obj
 0001:00034d00       yaSSL_get_shared_ciphers   0000000000435d00 f   yassl:ssl.obj
 0001:00034d20       yaSSL_get_cipher_list      0000000000435d20 f   yassl:ssl.obj
 0001:00034da0       yaSSL_CTX_set_cipher_list  0000000000435da0 f   yassl:ssl.obj
 0001:00034dc0       yaSSL_get_version          0000000000435dc0 f   yassl:ssl.obj
 0001:00034df0       yaSSLeay_version           0000000000435df0 f   yassl:ssl.obj
 0001:00034e00       yaSSL_get_error            0000000000435e00 f   yassl:ssl.obj
 0001:00034e20       yaSSL_set_compression      0000000000435e20 f   yassl:ssl.obj
 0001:00034e30       yaSSL_get_peer_certificate 0000000000435e30 f   yassl:ssl.obj
 0001:00034e50       yaX509_free                0000000000435e50 f   yassl:ssl.obj
 0001:00034e60       yaX509_STORE_CTX_get_current_cert 0000000000435e60 f   yassl:ssl.obj
 0001:00034e70       yaX509_STORE_CTX_get_error 0000000000435e70 f   yassl:ssl.obj
 0001:00034e80       yaX509_STORE_CTX_get_error_depth 0000000000435e80 f   yassl:ssl.obj
 0001:00034e90       yaX509_NAME_oneline        0000000000435e90 f   yassl:ssl.obj
 0001:00034f50       yaX509_get_issuer_name     0000000000435f50 f   yassl:ssl.obj
 0001:00034f60       yaX509_get_subject_name    0000000000435f60 f   yassl:ssl.obj
 0001:00034f70       yaSSL_load_error_strings   0000000000435f70 f   yassl:ssl.obj
 0001:00034f80       yaSSL_set_connect_state    0000000000435f80 f   yassl:ssl.obj
 0001:00034f90       yaSSL_set_accept_state     0000000000435f90 f   yassl:ssl.obj
 0001:00034fb0       yaSSL_get_verify_result    0000000000435fb0 f   yassl:ssl.obj
 0001:00034fc0       yaSSL_CTX_sess_set_cache_size 0000000000435fc0 f   yassl:ssl.obj
 0001:00034fd0       yaSSL_CTX_get_session_cache_mode 0000000000435fd0 f   yassl:ssl.obj
 0001:00034fe0       yaSSL_CTX_set_tmp_dh       0000000000435fe0 f   yassl:ssl.obj
 0001:00035000       yaSSL_CTX_set_verify       0000000000436000 f   yassl:ssl.obj
 0001:00035050       yaSSL_CTX_set_default_verify_paths 0000000000436050 f   yassl:ssl.obj
 0001:00035060       yaSSL_CTX_set_session_id_context 0000000000436060 f   yassl:ssl.obj
 0001:00035070       yaSSL_CTX_check_private_key 0000000000436070 f   yassl:ssl.obj
 0001:00035080       yaSSL_CTX_sess_accept      0000000000436080 f   yassl:ssl.obj
 0001:00035090       yaSSL_CTX_sess_connect     0000000000436090 f   yassl:ssl.obj
 0001:000350b0       yaSSL_CTX_sess_accept_good 00000000004360b0 f   yassl:ssl.obj
 0001:000350d0       yaSSL_CTX_sess_connect_good 00000000004360d0 f   yassl:ssl.obj
 0001:000350f0       yaSSL_CTX_sess_accept_renegotiate 00000000004360f0 f   yassl:ssl.obj
 0001:00035110       yaSSL_CTX_sess_connect_renegotiate 0000000000436110 f   yassl:ssl.obj
 0001:00035130       yaSSL_CTX_sess_hits        0000000000436130 f   yassl:ssl.obj
 0001:00035150       yaSSL_CTX_sess_cb_hits     0000000000436150 f   yassl:ssl.obj
 0001:00035170       yaSSL_CTX_sess_cache_full  0000000000436170 f   yassl:ssl.obj
 0001:00035190       yaSSL_CTX_sess_misses      0000000000436190 f   yassl:ssl.obj
 0001:000351b0       yaSSL_CTX_sess_timeouts    00000000004361b0 f   yassl:ssl.obj
 0001:000351d0       yaSSL_CTX_sess_number      00000000004361d0 f   yassl:ssl.obj
 0001:000351f0       yaSSL_CTX_sess_get_cache_size 00000000004361f0 f   yassl:ssl.obj
 0001:00035210       yaSSL_CTX_get_verify_mode  0000000000436210 f   yassl:ssl.obj
 0001:00035230       yaSSL_get_verify_mode      0000000000436230 f   yassl:ssl.obj
 0001:00035260       yaSSL_CTX_get_verify_depth 0000000000436260 f   yassl:ssl.obj
 0001:00035280       yaSSL_get_verify_depth     0000000000436280 f   yassl:ssl.obj
 0001:000352b0       yaSSL_CTX_set_options      00000000004362b0 f   yassl:ssl.obj
 0001:000352c0       yaSSL_CTX_set_info_callback 00000000004362c0 f   yassl:ssl.obj
 0001:000352d0       yaOpenSSL_add_all_algorithms 00000000004362d0 f   yassl:ssl.obj
 0001:000352e0       yaSSL_library_init         00000000004362e0 f   yassl:ssl.obj
 0001:000352f0       yaDH_new                   00000000004362f0 f   yassl:ssl.obj
 0001:00035320       ??0BIGNUM@yaSSL@@QEAA@XZ   0000000000436320 f i yassl:ssl.obj
 0001:00035340       yaERR_get_error_line_data  0000000000436340 f   yassl:ssl.obj
 0001:00035350       yaERR_print_errors_fp      0000000000436350 f   yassl:ssl.obj
 0001:00035360       yaERR_error_string         0000000000436360 f   yassl:ssl.obj
 0001:00035390       yaX509_verify_cert_error_string 0000000000436390 f   yassl:ssl.obj
 0001:000353a0       yaEVP_md5                  00000000004363a0 f   yassl:ssl.obj
 0001:000353b0       yaEVP_des_ede3_cbc         00000000004363b0 f   yassl:ssl.obj
 0001:000353c0       yaEVP_BytesToKey           00000000004363c0 f   yassl:ssl.obj
 0001:000356c0       yaDES_set_key_unchecked    00000000004366c0 f   yassl:ssl.obj
 0001:000356d0       yaDES_ede3_cbc_encrypt     00000000004366d0 f   yassl:ssl.obj
 0001:000357f0       yaRAND_status              00000000004367f0 f   yassl:ssl.obj
 0001:00035800       yaDES_set_key              0000000000436800 f   yassl:ssl.obj
 0001:00035810       yaDES_set_odd_parity       0000000000436810 f   yassl:ssl.obj
 0001:00035820       yaDES_ecb_encrypt          0000000000436820 f   yassl:ssl.obj
 0001:000358d0       yaSSL_CTX_set_default_passwd_cb_userdata 00000000004368d0 f   yassl:ssl.obj
 0001:000358e0       yaSSL_get_certificate      00000000004368e0 f   yassl:ssl.obj
 0001:000358f0       yaSSL_get_privatekey       00000000004368f0 f   yassl:ssl.obj
 0001:00035900       yaSSL_SESSION_free         0000000000436900 f   yassl:ssl.obj
 0001:00035910       yaX509_get_pubkey          0000000000436910 f   yassl:ssl.obj
 0001:00035920       yaEVP_PKEY_copy_parameters 0000000000436920 f   yassl:ssl.obj
 0001:00035930       yaEVP_PKEY_free            0000000000436930 f   yassl:ssl.obj
 0001:00035940       yaERR_error_string_n       0000000000436940 f   yassl:ssl.obj
 0001:00035960       yaERR_free_strings         0000000000436960 f   yassl:ssl.obj
 0001:00035970       yaEVP_cleanup              0000000000436970 f   yassl:ssl.obj
 0001:00035980       yaX509_get_notBefore       0000000000436980 f   yassl:ssl.obj
 0001:00035990       yaX509_get_notAfter        0000000000436990 f   yassl:ssl.obj
 0001:000359a0       yaSSLv2_client_method      00000000004369a0 f   yassl:ssl.obj
 0001:000359b0       yaSSL_get1_session         00000000004369b0 f   yassl:ssl.obj
 0001:000359c0       yaGENERAL_NAMES_free       00000000004369c0 f   yassl:ssl.obj
 0001:000359d0       yask_GENERAL_NAME_num      00000000004369d0 f   yassl:ssl.obj
 0001:000359e0       yask_GENERAL_NAME_value    00000000004369e0 f   yassl:ssl.obj
 0001:000359f0       yaASN1_STRING_data         00000000004369f0 f   yassl:ssl.obj
 0001:00035a00       yaASN1_STRING_length       0000000000436a00 f   yassl:ssl.obj
 0001:00035a10       yaASN1_STRING_type         0000000000436a10 f   yassl:ssl.obj
 0001:00035a20       yaX509_NAME_get_index_by_NID 0000000000436a20 f   yassl:ssl.obj
 0001:00035a90       yaX509_NAME_ENTRY_get_data 0000000000436a90 f   yassl:ssl.obj
 0001:00035aa0       yaX509_NAME_get_entry      0000000000436aa0 f   yassl:ssl.obj
 0001:00035ab0       yaASN1_STRING_to_UTF8      0000000000436ab0 f   yassl:ssl.obj
 0001:00035b20       yaX509_get_ext_d2i         0000000000436b20 f   yassl:ssl.obj
 0001:00035b30       yaMD4_Init                 0000000000436b30 f   yassl:ssl.obj
 0001:00035b70       yaMD4_Update               0000000000436b70 f   yassl:ssl.obj
 0001:00035b80       yaMD4_Final                0000000000436b80 f   yassl:ssl.obj
 0001:00035b90       yaMD5_Init                 0000000000436b90 f   yassl:ssl.obj
 0001:00035bd0       yaMD5_Update               0000000000436bd0 f   yassl:ssl.obj
 0001:00035be0       yaMD5_Final                0000000000436be0 f   yassl:ssl.obj
 0001:00035bf0       yaRAND_bytes               0000000000436bf0 f   yassl:ssl.obj
 0001:00035c70       yaSSL_peek                 0000000000436c70 f   yassl:ssl.obj
 0001:00035cb0       yaSSL_pending              0000000000436cb0 f   yassl:ssl.obj
 0001:00035ce0       yaSSL_CTX_set_default_passwd_cb 0000000000436ce0 f   yassl:ssl.obj
 0001:00035cf0       yaSSLeay_add_ssl_algorithms 0000000000436cf0 f   yassl:ssl.obj
 0001:00035d00       yaERR_remove_state         0000000000436d00 f   yassl:ssl.obj
 0001:00035d20       yaERR_GET_REASON           0000000000436d20 f   yassl:ssl.obj
 0001:00035d30       err_helper                 0000000000436d30 f   yassl:ssl.obj
 0001:00035d60       yaERR_peek_error           0000000000436d60 f   yassl:ssl.obj
 0001:00035d70       yaERR_get_error            0000000000436d70 f   yassl:ssl.obj
 0001:00035d80       yaRAND_screen              0000000000436d80 f   yassl:ssl.obj
 0001:00035d90       yaRAND_file_name           0000000000436d90 f   yassl:ssl.obj
 0001:00035da0       yaRAND_write_file          0000000000436da0 f   yassl:ssl.obj
 0001:00035db0       yaRAND_load_file           0000000000436db0 f   yassl:ssl.obj
 0001:00035dc0       yaRSA_free                 0000000000436dc0 f   yassl:ssl.obj
 0001:00035dd0       yaRSA_generate_key         0000000000436dd0 f   yassl:ssl.obj
 0001:00035de0       yaX509_LOOKUP_add_dir      0000000000436de0 f   yassl:ssl.obj
 0001:00035df0       yaX509_LOOKUP_load_file    0000000000436df0 f   yassl:ssl.obj
 0001:00035e00       yaX509_LOOKUP_hash_dir     0000000000436e00 f   yassl:ssl.obj
 0001:00035e10       yaX509_LOOKUP_file         0000000000436e10 f   yassl:ssl.obj
 0001:00035e20       yaX509_STORE_add_lookup    0000000000436e20 f   yassl:ssl.obj
 0001:00035e30       yaX509_STORE_get_by_subject 0000000000436e30 f   yassl:ssl.obj
 0001:00035e40       yaX509_STORE_new           0000000000436e40 f   yassl:ssl.obj
 0001:00035e50       yaSSL_alert_type_string_long 0000000000436e50 f   yassl:ssl.obj
 0001:00035e60       yaSSL_alert_desc_string_long 0000000000436e60 f   yassl:ssl.obj
 0001:00035e70       yaSSL_state_string_long    0000000000436e70 f   yassl:ssl.obj
 0001:00035e80       yaSSL_CTX_set_tmp_rsa_callback 0000000000436e80 f   yassl:ssl.obj
 0001:00035e90       yaSSL_CTX_set_timeout      0000000000436e90 f   yassl:ssl.obj
 0001:00035ea0       yaSSL_CTX_use_certificate_chain_file 0000000000436ea0 f   yassl:ssl.obj
 0001:00035eb0       yaSSL_CTX_use_RSAPrivateKey_file 0000000000436eb0 f   yassl:ssl.obj
 0001:00035ec0       yaSSL_set_rfd              0000000000436ec0 f   yassl:ssl.obj
 0001:00035ed0       yaSSL_set_wfd              0000000000436ed0 f   yassl:ssl.obj
 0001:00035ee0       yaSSL_want_read            0000000000436ee0 f   yassl:ssl.obj
 0001:00035ef0       yaSSL_want_write           0000000000436ef0 f   yassl:ssl.obj
 0001:00035f00       yaSSL_set_shutdown         0000000000436f00 f   yassl:ssl.obj
 0001:00035f10       yaSSL_get_current_cipher   0000000000436f10 f   yassl:ssl.obj
 0001:00035f20       yaSSL_CIPHER_description   0000000000436f20 f   yassl:ssl.obj
 0001:00035f30       ?size@?$Block@EV?$AllocatorWithCleanup@E@TaoCrypt@@@TaoCrypt@@QEBAIXZ 0000000000436f30 f i yassl:ssl.obj
 0001:00035f40       ?get_buffer@?$Block@EV?$AllocatorWithCleanup@E@TaoCrypt@@@TaoCrypt@@QEBAPEAEXZ 0000000000436f40 f i yassl:ssl.obj
 0001:00035f50       ??0?$auto_ptr@UBulkCipher@yaSSL@@@mySTL@@QEAA@PEAUBulkCipher@yaSSL@@@Z 0000000000436f50 f i yassl:ssl.obj
 0001:00035f60       ??C?$auto_ptr@UBulkCipher@yaSSL@@@mySTL@@QEBAPEAUBulkCipher@yaSSL@@XZ 0000000000436f60 f i yassl:ssl.obj
 0001:00035f70       ??0?$auto_ptr@Vx509@yaSSL@@@mySTL@@QEAA@PEAVx509@yaSSL@@@Z 0000000000436f70 f i yassl:ssl.obj
 0001:00035f80       ??C?$auto_ptr@Vx509@yaSSL@@@mySTL@@QEBAPEAVx509@yaSSL@@XZ 0000000000436f80 f i yassl:ssl.obj
 0001:00035f90       ?release@?$auto_ptr@Vx509@yaSSL@@@mySTL@@QEAAPEAVx509@yaSSL@@XZ 0000000000436f90 f i yassl:ssl.obj
 0001:00035fa0       ??0?$auto_ptr@UBIGNUM@yaSSL@@@mySTL@@QEAA@PEAUBIGNUM@yaSSL@@@Z 0000000000436fa0 f i yassl:ssl.obj
 0001:00035fb0       ?get@?$auto_ptr@UBIGNUM@yaSSL@@@mySTL@@QEBAPEAUBIGNUM@yaSSL@@XZ 0000000000436fb0 f i yassl:ssl.obj
 0001:00035fc0       ?release@?$auto_ptr@UBIGNUM@yaSSL@@@mySTL@@QEAAPEAUBIGNUM@yaSSL@@XZ 0000000000436fc0 f i yassl:ssl.obj
 0001:00035fd0       ?CheckSize@?$AllocatorBase@E@TaoCrypt@@KAX_K@Z 0000000000436fd0 f i yassl:ssl.obj
 0001:00035fe0       ??$tcArrayDelete@E@TaoCrypt@@YAXPEAE@Z 0000000000436fe0 f i yassl:ssl.obj
 0001:00035ff0       ??$ysDelete@UDH@yaSSL@@@yaSSL@@YAXPEAUDH@0@@Z 0000000000436ff0 f i yassl:ssl.obj
 0001:00036000       ??$swap@V?$AllocatorWithCleanup@E@TaoCrypt@@@mySTL@@YAXAEAV?$AllocatorWithCleanup@E@TaoCrypt@@0@Z 0000000000437000 f i yassl:ssl.obj
 0001:00036010       ??$ysDelete@UBulkCipher@yaSSL@@@yaSSL@@YAXPEAUBulkCipher@0@@Z 0000000000437010 f i yassl:ssl.obj
 0001:00036030       ??_Gx509@yaSSL@@QEAAPEAXI@Z 0000000000437030 f i yassl:ssl.obj
 0001:00036070       ??_GSSL_CTX@yaSSL@@QEAAPEAXI@Z 0000000000437070 f i yassl:ssl.obj
 0001:000360b0       ??1BIGNUM@yaSSL@@QEAA@XZ   00000000004370b0 f i yassl:ssl.obj
 0001:000360c0       ??1Security@yaSSL@@QEAA@XZ 00000000004370c0 f i yassl:ssl.obj
 0001:00036110       ??1sslHashes@yaSSL@@QEAA@XZ 0000000000437110 f i yassl:ssl.obj
 0001:00036170       ??_EMD5@TaoCrypt@@UEAAPEAXI@Z 0000000000437170 f i yassl:ssl.obj
 0001:00036170       ??_GMD5@TaoCrypt@@UEAAPEAXI@Z 0000000000437170 f i yassl:ssl.obj
 0001:000361a0       ??_EMD4@TaoCrypt@@UEAAPEAXI@Z 00000000004371a0 f i yassl:ssl.obj
 0001:000361a0       ??_GMD4@TaoCrypt@@UEAAPEAXI@Z 00000000004371a0 f i yassl:ssl.obj
 0001:000361d0       ?size@Source@TaoCrypt@@QEBAIXZ 00000000004371d0 f i yassl:ssl.obj
 0001:000361e0       ?get_buffer@Source@TaoCrypt@@QEBAPEBEXZ 00000000004371e0 f i yassl:ssl.obj
 0001:000361f0       yaSSLv3_method             00000000004371f0 f   yassl:ssl.obj
 0001:00036200       yaSSL_read                 0000000000437200 f   yassl:ssl.obj
 0001:00036240       yaSSL_get_cipher_name      0000000000437240 f   yassl:ssl.obj
 0001:00036250       ?allocate@?$AllocatorWithCleanup@E@TaoCrypt@@QEAAPEAE_KPEBX@Z 0000000000437250 f i yassl:ssl.obj
 0001:00036260       ?deallocate@?$AllocatorWithCleanup@E@TaoCrypt@@QEAAXPEAX_K@Z 0000000000437260 f i yassl:ssl.obj
[...]
 0004:00139581       ?fGetTemplateArgumentList@UnDecorator@@0_NA 000000000067d581     LIBCMT:undname.obj
 0004:001395cc       _commode                   000000000067d5cc     LIBCMT:ncommode.obj
 0004:001395d4       _fmode                     000000000067d5d4     LIBCMT:txtmode.obj
 0004:00139620       thr_client_alarm           000000000067d620     <common>
 0004:00139640       errbuff                    000000000067d640     <common>
 0004:001398b0       my_signals                 000000000067d8b0     <common>
 0004:001398c0       default_directories        000000000067d8c0     <common>
 0004:00139920       all_charsets               000000000067d920     <common>
 0004:0013a2e0       THR_LOCK_threads           000000000067e2e0     <common>
 0004:0013a380       LOCK_gethostbyname_r       000000000067e380     <common>
 0004:0013a3c0       THR_COND_threads           000000000067e3c0     <common>
 0004:0013a420       THR_LOCK_malloc            000000000067e420     <common>
 0004:0013a460       THR_LOCK_isam              000000000067e460     <common>
 0004:0013a4a0       THR_LOCK_myisam            000000000067e4a0     <common>
 0004:0013a4e0       THR_LOCK_heap              000000000067e4e0     <common>
 0004:0013a520       THR_LOCK_open              000000000067e520     <common>
 0004:0013a560       THR_LOCK_charset           000000000067e560     <common>
 0004:0013a5a0       THR_LOCK_lock              000000000067e5a0     <common>
 0004:0013a5e0       LOCK_localtime_r           000000000067e5e0     <common>
 0004:0013a620       THR_LOCK_net               000000000067e620     <common>
 0004:0013a648       _debugger_hook_dummy       000000000067e648     <common>
 0004:0013a654       _nhandle                   000000000067e654     <common>
 0004:0013a6e0       __pioinfo                  000000000067e6e0     <common>
 0004:0013a8e0       __setlc_active             000000000067e8e0     <common>
 0004:0013a8f0       __unguarded_readlc_active  000000000067e8f0     <common>
 0004:0013a8f8       _acmdln                    000000000067e8f8     <common>
 0004:0013a90c       __env_initialized          000000000067e90c     <common>
 0004:0013a920       __onexitend                000000000067e920     <common>
 0004:0013a928       __onexitbegin              000000000067e928     <common>
 0004:0013a930       __mbctype_initialized      000000000067e930     <common>
 0004:0013a938       __dyn_tls_init_callback    000000000067e938     <common>
 0004:0013a940       __piob                     000000000067e940     <common>
 0004:0013aca0       _bufin                     000000000067eca0     <common>
 0004:0013bca0       _nstream                   000000000067fca0     <common>
 0006:00000000       __IMPORT_DESCRIPTOR_KERNEL32 0000000000690000     kernel32:KERNEL32.dll
 0006:00000014       __IMPORT_DESCRIPTOR_ADVAPI32 0000000000690014     advapi32:ADVAPI32.dll
 0006:00000028       __IMPORT_DESCRIPTOR_WSOCK32 0000000000690028     wsock32:WSOCK32.dll
 0006:0000003c       __IMPORT_DESCRIPTOR_USER32 000000000069003c     user32:USER32.dll
 0006:00000050       __NULL_IMPORT_DESCRIPTOR   0000000000690050     kernel32:KERNEL32.dll
 0006:00000860       __imp_CryptGenRandom       0000000000690860     advapi32:ADVAPI32.dll
 0006:00000868       __imp_RegEnumValueA        0000000000690868     advapi32:ADVAPI32.dll
 0006:00000870       __imp_RegOpenKeyExA        0000000000690870     advapi32:ADVAPI32.dll
 0006:00000878       __imp_CryptAcquireContextA 0000000000690878     advapi32:ADVAPI32.dll
 0006:00000880       __imp_CryptReleaseContext  0000000000690880     advapi32:ADVAPI32.dll
 0006:00000888       __imp_StartServiceCtrlDispatcherA 0000000000690888     advapi32:ADVAPI32.dll
 0006:00000890       __imp_RegisterServiceCtrlHandlerA 0000000000690890     advapi32:ADVAPI32.dll
 0006:00000898       __imp_DeleteService        0000000000690898     advapi32:ADVAPI32.dll
 0006:000008a0       __imp_CreateServiceA       00000000006908a0     advapi32:ADVAPI32.dll
 0006:000008a8       __imp_SetServiceStatus     00000000006908a8     advapi32:ADVAPI32.dll
 0006:000008b0       __imp_OpenSCManagerA       00000000006908b0     advapi32:ADVAPI32.dll
 0006:000008b8       __imp_OpenServiceA         00000000006908b8     advapi32:ADVAPI32.dll
 0006:000008c0       __imp_CloseServiceHandle   00000000006908c0     advapi32:ADVAPI32.dll
 0006:000008c8       __imp_RegCloseKey          00000000006908c8     advapi32:ADVAPI32.dll
 0006:000008d0       \177ADVAPI32_NULL_THUNK_DATA 00000000006908d0     advapi32:ADVAPI32.dll
 0006:00000938       __imp_GetModuleHandleA     0000000000690938     kernel32:KERNEL32.dll
 0006:00000940       __imp_TerminateProcess     0000000000690940     kernel32:KERNEL32.dll
 0006:00000948       __imp_OpenProcess          0000000000690948     kernel32:KERNEL32.dll
 0006:00000950       __imp_Sleep                0000000000690950     kernel32:KERNEL32.dll
 0006:00000958       __imp_GetCurrentThreadId   0000000000690958     kernel32:KERNEL32.dll
 0006:00000960       __imp_GetModuleFileNameA   0000000000690960     kernel32:KERNEL32.dll
 0006:00000968       __imp_GetCurrentProcess    0000000000690968     kernel32:KERNEL32.dll
 0006:00000970       __imp_WaitNamedPipeA       0000000000690970     kernel32:KERNEL32.dll
 0006:00000978       __imp_CreateFileA          0000000000690978     kernel32:KERNEL32.dll
 0006:00000980       __imp_DuplicateHandle      0000000000690980     kernel32:KERNEL32.dll
 0006:00000988       __imp_GetProcAddress       0000000000690988     kernel32:KERNEL32.dll
 0006:00000990       __imp_CreateRemoteThread   0000000000690990     kernel32:KERNEL32.dll
 0006:00000998       __imp_GetLastError         0000000000690998     kernel32:KERNEL32.dll
 0006:000009a0       __imp_SetLastError         00000000006909a0     kernel32:KERNEL32.dll
 0006:000009a8       __imp_CreateProcessA       00000000006909a8     kernel32:KERNEL32.dll
 0006:000009b0       __imp_WaitForSingleObject  00000000006909b0     kernel32:KERNEL32.dll
 0006:000009b8       __imp_GetExitCodeProcess   00000000006909b8     kernel32:KERNEL32.dll
 0006:000009c0       __imp_CloseHandle          00000000006909c0     kernel32:KERNEL32.dll
 0006:000009c8       __imp_GetSystemTimeAsFileTime 00000000006909c8     kernel32:KERNEL32.dll
 0006:000009d0       __imp_EnterCriticalSection 00000000006909d0     kernel32:KERNEL32.dll
 0006:000009d8       __imp_LoadLibraryW         00000000006909d8     kernel32:KERNEL32.dll
 0006:000009e0       __imp_SetEnvironmentVariableW 00000000006909e0     kernel32:KERNEL32.dll
 0006:000009e8       __imp_GetModuleFileNameW   00000000006909e8     kernel32:KERNEL32.dll
 0006:000009f0       __imp_DebugBreak           00000000006909f0     kernel32:KERNEL32.dll
 0006:000009f8       __imp_LeaveCriticalSection 00000000006909f8     kernel32:KERNEL32.dll
 0006:00000a00       __imp_DeleteCriticalSection 0000000000690a00     kernel32:KERNEL32.dll
 0006:00000a08       __imp_SetNamedPipeHandleState 0000000000690a08     kernel32:KERNEL32.dll
 0006:00000a10       __imp_WriteConsoleW        0000000000690a10     kernel32:KERNEL32.dll
 0006:00000a18       __imp_GetConsoleOutputCP   0000000000690a18     kernel32:KERNEL32.dll
 0006:00000a20       __imp_WriteConsoleA        0000000000690a20     kernel32:KERNEL32.dll
 0006:00000a28       __imp_SetEnvironmentVariableA 0000000000690a28     kernel32:KERNEL32.dll
 0006:00000a30       __imp_CompareStringW       0000000000690a30     kernel32:KERNEL32.dll
 0006:00000a38       __imp_CompareStringA       0000000000690a38     kernel32:KERNEL32.dll
 0006:00000a40       __imp_HeapSize             0000000000690a40     kernel32:KERNEL32.dll
 0006:00000a48       __imp_LCMapStringW         0000000000690a48     kernel32:KERNEL32.dll
 0006:00000a50       __imp_LCMapStringA         0000000000690a50     kernel32:KERNEL32.dll
 0006:00000a58       __imp_GetLocaleInfoW       0000000000690a58     kernel32:KERNEL32.dll
 0006:00000a60       __imp_FlushFileBuffers     0000000000690a60     kernel32:KERNEL32.dll
 0006:00000a68       __imp_GetConsoleCP         0000000000690a68     kernel32:KERNEL32.dll
 0006:00000a70       __imp_GetStringTypeW       0000000000690a70     kernel32:KERNEL32.dll
 0006:00000a78       __imp_MultiByteToWideChar  0000000000690a78     kernel32:KERNEL32.dll
 0006:00000a80       __imp_GetStringTypeA       0000000000690a80     kernel32:KERNEL32.dll
 0006:00000a88       __imp_IsValidCodePage      0000000000690a88     kernel32:KERNEL32.dll
 0006:00000a90       __imp_CreateEventA         0000000000690a90     kernel32:KERNEL32.dll
 0006:00000a98       __imp_SetEvent             0000000000690a98     kernel32:KERNEL32.dll
 0006:00000aa0       __imp_ResetEvent           0000000000690aa0     kernel32:KERNEL32.dll
 0006:00000aa8       __imp_WaitForMultipleObjects 0000000000690aa8     kernel32:KERNEL32.dll
 0006:00000ab0       __imp_SetThreadPriority    0000000000690ab0     kernel32:KERNEL32.dll
 0006:00000ab8       __imp_GetLocaleInfoA       0000000000690ab8     kernel32:KERNEL32.dll
 0006:00000ac0       __imp_GetSystemDirectoryA  0000000000690ac0     kernel32:KERNEL32.dll
 0006:00000ac8       __imp_GetWindowsDirectoryA 0000000000690ac8     kernel32:KERNEL32.dll
 0006:00000ad0       __imp_DeleteFileA          0000000000690ad0     kernel32:KERNEL32.dll
 0006:00000ad8       __imp_MoveFileA            0000000000690ad8     kernel32:KERNEL32.dll
 0006:00000ae0       __imp_GetTickCount         0000000000690ae0     kernel32:KERNEL32.dll
 0006:00000ae8       __imp_GetFileAttributesExA 0000000000690ae8     kernel32:KERNEL32.dll
 0006:00000af0       __imp_SetEndOfFile         0000000000690af0     kernel32:KERNEL32.dll
 0006:00000af8       __imp_SetFilePointer       0000000000690af8     kernel32:KERNEL32.dll
 0006:00000b00       __imp_ReadFile             0000000000690b00     kernel32:KERNEL32.dll
 0006:00000b08       __imp_WriteFile            0000000000690b08     kernel32:KERNEL32.dll
 0006:00000b10       __imp_UnmapViewOfFile      0000000000690b10     kernel32:KERNEL32.dll
 0006:00000b18       __imp_FindClose            0000000000690b18     kernel32:KERNEL32.dll
 0006:00000b20       __imp_FindNextFileA        0000000000690b20     kernel32:KERNEL32.dll
 0006:00000b28       __imp_FindFirstFileA       0000000000690b28     kernel32:KERNEL32.dll
 0006:00000b30       __imp_QueryPerformanceCounter 0000000000690b30     kernel32:KERNEL32.dll
 0006:00000b38       __imp_QueryPerformanceFrequency 0000000000690b38     kernel32:KERNEL32.dll
 0006:00000b40       __imp_FileTimeToSystemTime 0000000000690b40     kernel32:KERNEL32.dll
 0006:00000b48       __imp_FileTimeToLocalFileTime 0000000000690b48     kernel32:KERNEL32.dll
 0006:00000b50       __imp_GetDriveTypeA        0000000000690b50     kernel32:KERNEL32.dll
 0006:00000b58       __imp_RtlLookupFunctionEntry 0000000000690b58     kernel32:KERNEL32.dll
 0006:00000b60       __imp_RtlUnwindEx          0000000000690b60     kernel32:KERNEL32.dll
 0006:00000b68       __imp_ExitProcess          0000000000690b68     kernel32:KERNEL32.dll
 0006:00000b70       __imp_SetConsoleCtrlHandler 0000000000690b70     kernel32:KERNEL32.dll
 0006:00000b78       __imp_ReadConsoleInputA    0000000000690b78     kernel32:KERNEL32.dll
 0006:00000b80       __imp_SetConsoleMode       0000000000690b80     kernel32:KERNEL32.dll
 0006:00000b88       __imp_GetConsoleMode       0000000000690b88     kernel32:KERNEL32.dll
 0006:00000b90       __imp_PeekConsoleInputA    0000000000690b90     kernel32:KERNEL32.dll
 0006:00000b98       __imp_GetNumberOfConsoleInputEvents 0000000000690b98     kernel32:KERNEL32.dll
 0006:00000ba0       __imp_GetCommandLineA      0000000000690ba0     kernel32:KERNEL32.dll
 0006:00000ba8       __imp_HeapFree             0000000000690ba8     kernel32:KERNEL32.dll
 0006:00000bb0       __imp_GetVersionExA        0000000000690bb0     kernel32:KERNEL32.dll
 0006:00000bb8       __imp_HeapAlloc            0000000000690bb8     kernel32:KERNEL32.dll
 0006:00000bc0       __imp_GetProcessHeap       0000000000690bc0     kernel32:KERNEL32.dll
 0006:00000bc8       __imp_HeapReAlloc          0000000000690bc8     kernel32:KERNEL32.dll
 0006:00000bd0       __imp_GetFileInformationByHandle 0000000000690bd0     kernel32:KERNEL32.dll
 0006:00000bd8       __imp_PeekNamedPipe        0000000000690bd8     kernel32:KERNEL32.dll
 0006:00000be0       __imp_GetFileType          0000000000690be0     kernel32:KERNEL32.dll
 0006:00000be8       __imp_SetStdHandle         0000000000690be8     kernel32:KERNEL32.dll
 0006:00000bf0       __imp_ExitThread           0000000000690bf0     kernel32:KERNEL32.dll
 0006:00000bf8       __imp_ResumeThread         0000000000690bf8     kernel32:KERNEL32.dll
 0006:00000c00       __imp_CreateThread         0000000000690c00     kernel32:KERNEL32.dll
 0006:00000c08       __imp_WideCharToMultiByte  0000000000690c08     kernel32:KERNEL32.dll
 0006:00000c10       __imp_GetTimeZoneInformation 0000000000690c10     kernel32:KERNEL32.dll
 0006:00000c18       __imp_UnhandledExceptionFilter 0000000000690c18     kernel32:KERNEL32.dll
 0006:00000c20       __imp_SetUnhandledExceptionFilter 0000000000690c20     kernel32:KERNEL32.dll
 0006:00000c28       __imp_IsDebuggerPresent    0000000000690c28     kernel32:KERNEL32.dll
 0006:00000c30       __imp_RtlCaptureContext    0000000000690c30     kernel32:KERNEL32.dll
 0006:00000c38       __imp_GetStdHandle         0000000000690c38     kernel32:KERNEL32.dll
 0006:00000c40       __imp_FlsGetValue          0000000000690c40     kernel32:KERNEL32.dll
 0006:00000c48       __imp_TlsAlloc             0000000000690c48     kernel32:KERNEL32.dll
 0006:00000c50       __imp_FlsSetValue          0000000000690c50     kernel32:KERNEL32.dll
 0006:00000c58       __imp_TlsFree              0000000000690c58     kernel32:KERNEL32.dll
 0006:00000c60       __imp_FlsFree              0000000000690c60     kernel32:KERNEL32.dll
 0006:00000c68       __imp_TlsSetValue          0000000000690c68     kernel32:KERNEL32.dll
 0006:00000c70       __imp_GetCurrentThread     0000000000690c70     kernel32:KERNEL32.dll
 0006:00000c78       __imp_FlsAlloc             0000000000690c78     kernel32:KERNEL32.dll
 0006:00000c80       __imp_GetFullPathNameA     0000000000690c80     kernel32:KERNEL32.dll
 0006:00000c88       __imp_GetCurrentDirectoryA 0000000000690c88     kernel32:KERNEL32.dll
 0006:00000c90       __imp_SetCurrentDirectoryA 0000000000690c90     kernel32:KERNEL32.dll
 0006:00000c98       __imp_RaiseException       0000000000690c98     kernel32:KERNEL32.dll
 0006:00000ca0       __imp_RtlPcToFileHeader    0000000000690ca0     kernel32:KERNEL32.dll
 0006:00000ca8       __imp_RtlVirtualUnwind     0000000000690ca8     kernel32:KERNEL32.dll
 0006:00000cb0       __imp_SetHandleCount       0000000000690cb0     kernel32:KERNEL32.dll
 0006:00000cb8       __imp_GetStartupInfoA      0000000000690cb8     kernel32:KERNEL32.dll
 0006:00000cc0       __imp_FatalAppExitA        0000000000690cc0     kernel32:KERNEL32.dll
 0006:00000cc8       __imp_FreeLibrary          0000000000690cc8     kernel32:KERNEL32.dll
 0006:00000cd0       __imp_LoadLibraryA         0000000000690cd0     kernel32:KERNEL32.dll
 0006:00000cd8       __imp_GetFileAttributesA   0000000000690cd8     kernel32:KERNEL32.dll
 0006:00000ce0       __imp_CreatePipe           0000000000690ce0     kernel32:KERNEL32.dll
 0006:00000ce8       __imp_GetCPInfo            0000000000690ce8     kernel32:KERNEL32.dll
 0006:00000cf0       __imp_GetACP               0000000000690cf0     kernel32:KERNEL32.dll
 0006:00000cf8       __imp_GetOEMCP             0000000000690cf8     kernel32:KERNEL32.dll
 0006:00000d00       __imp_FreeEnvironmentStringsA 0000000000690d00     kernel32:KERNEL32.dll
 0006:00000d08       __imp_GetEnvironmentStrings 0000000000690d08     kernel32:KERNEL32.dll
 0006:00000d10       __imp_FreeEnvironmentStringsW 0000000000690d10     kernel32:KERNEL32.dll
 0006:00000d18       __imp_GetEnvironmentStringsW 0000000000690d18     kernel32:KERNEL32.dll
 0006:00000d20       __imp_HeapSetInformation   0000000000690d20     kernel32:KERNEL32.dll
 0006:00000d28       __imp_HeapCreate           0000000000690d28     kernel32:KERNEL32.dll
 0006:00000d30       __imp_HeapDestroy          0000000000690d30     kernel32:KERNEL32.dll
 0006:00000d38       __imp_GetCurrentProcessId  0000000000690d38     kernel32:KERNEL32.dll
 0006:00000d40       __imp_GetDateFormatA       0000000000690d40     kernel32:KERNEL32.dll
 0006:00000d48       __imp_GetTimeFormatA       0000000000690d48     kernel32:KERNEL32.dll
 0006:00000d50       __imp_GetUserDefaultLCID   0000000000690d50     kernel32:KERNEL32.dll
 0006:00000d58       __imp_EnumSystemLocalesA   0000000000690d58     kernel32:KERNEL32.dll
 0006:00000d60       __imp_IsValidLocale        0000000000690d60     kernel32:KERNEL32.dll
 0006:00000d68       __imp_InitializeCriticalSection 0000000000690d68     kernel32:KERNEL32.dll
 0006:00000d70       \177KERNEL32_NULL_THUNK_DATA 0000000000690d70     kernel32:KERNEL32.dll
 0006:00000ea0       __imp_PeekMessageA         0000000000690ea0     user32:USER32.dll
 0006:00000ea8       __imp_KillTimer            0000000000690ea8     user32:USER32.dll
 0006:00000eb0       __imp_SetTimer             0000000000690eb0     user32:USER32.dll
 0006:00000eb8       \177USER32_NULL_THUNK_DATA 0000000000690eb8     user32:USER32.dll
 0006:00000f10       __imp_recv                 0000000000690f10     wsock32:WSOCK32.dll
 0006:00000f18       __imp_gethostbyname        0000000000690f18     wsock32:WSOCK32.dll
 0006:00000f20       __imp_WSAStartup           0000000000690f20     wsock32:WSOCK32.dll
 0006:00000f28       __imp_WSACleanup           0000000000690f28     wsock32:WSOCK32.dll
 0006:00000f30       __imp_WSAGetLastError      0000000000690f30     wsock32:WSOCK32.dll
 0006:00000f38       __imp_send                 0000000000690f38     wsock32:WSOCK32.dll
 0006:00000f40       __imp_select               0000000000690f40     wsock32:WSOCK32.dll
 0006:00000f48       __imp___WSAFDIsSet         0000000000690f48     wsock32:WSOCK32.dll
 0006:00000f50       __imp_accept               0000000000690f50     wsock32:WSOCK32.dll
 0006:00000f58       __imp_shutdown             0000000000690f58     wsock32:WSOCK32.dll
 0006:00000f60       __imp_socket               0000000000690f60     wsock32:WSOCK32.dll
 0006:00000f68       __imp_ntohs                0000000000690f68     wsock32:WSOCK32.dll
 0006:00000f70       __imp_getpeername          0000000000690f70     wsock32:WSOCK32.dll
 0006:00000f78       __imp_WSASetLastError      0000000000690f78     wsock32:WSOCK32.dll
 0006:00000f80       __imp_connect              0000000000690f80     wsock32:WSOCK32.dll
 0006:00000f88       __imp_inet_addr            0000000000690f88     wsock32:WSOCK32.dll
 0006:00000f90       __imp_htonl                0000000000690f90     wsock32:WSOCK32.dll
 0006:00000f98       __imp_htons                0000000000690f98     wsock32:WSOCK32.dll
 0006:00000fa0       __imp_inet_ntoa            0000000000690fa0     wsock32:WSOCK32.dll
 0006:00000fa8       __imp_setsockopt           0000000000690fa8     wsock32:WSOCK32.dll
 0006:00000fb0       __imp_bind                 0000000000690fb0     wsock32:WSOCK32.dll
 0006:00000fb8       __imp_listen               0000000000690fb8     wsock32:WSOCK32.dll
 0006:00000fc0       __imp_closesocket          0000000000690fc0     wsock32:WSOCK32.dll
 0006:00000fc8       __imp_ioctlsocket          0000000000690fc8     wsock32:WSOCK32.dll
 0006:00000fd0       __imp_gethostname          0000000000690fd0     wsock32:WSOCK32.dll
 0006:00000fd8       \177WSOCK32_NULL_THUNK_DATA 0000000000690fd8     wsock32:WSOCK32.dll
 0007:00000000       _tls_start                 0000000000692000     LIBCMT:tlssup.obj
 0007:00000110       THR_KEY_mysys              0000000000692110     mysys:my_thr_init.obj
 0007:000002f6       _tls_end                   00000000006922f6     LIBCMT:tlssup.obj

 entry point at        0001:000635b0

